Component: ARM Compiler 5.06 update 7 (build 960) Tool: armlink [4d3601]

==============================================================================

Section Cross References

    startup_stm32f103xe.o(STACK) refers (Special) to heapauxi.o(.text) for __use_two_region_memory
    startup_stm32f103xe.o(HEAP) refers (Special) to heapauxi.o(.text) for __use_two_region_memory
    startup_stm32f103xe.o(RESET) refers (Special) to heapauxi.o(.text) for __use_two_region_memory
    startup_stm32f103xe.o(RESET) refers to startup_stm32f103xe.o(STACK) for __initial_sp
    startup_stm32f103xe.o(RESET) refers to startup_stm32f103xe.o(.text) for Reset_Handler
    startup_stm32f103xe.o(RESET) refers to stm32f1xx_it.o(i.NMI_Handler) for NMI_Handler
    startup_stm32f103xe.o(RESET) refers to stm32f1xx_it.o(i.HardFault_Handler) for HardFault_Handler
    startup_stm32f103xe.o(RESET) refers to stm32f1xx_it.o(i.MemManage_Handler) for MemManage_Handler
    startup_stm32f103xe.o(RESET) refers to stm32f1xx_it.o(i.BusFault_Handler) for BusFault_Handler
    startup_stm32f103xe.o(RESET) refers to stm32f1xx_it.o(i.UsageFault_Handler) for UsageFault_Handler
    startup_stm32f103xe.o(RESET) refers to stm32f1xx_it.o(i.SVC_Handler) for SVC_Handler
    startup_stm32f103xe.o(RESET) refers to stm32f1xx_it.o(i.DebugMon_Handler) for DebugMon_Handler
    startup_stm32f103xe.o(RESET) refers to stm32f1xx_it.o(i.PendSV_Handler) for PendSV_Handler
    startup_stm32f103xe.o(RESET) refers to stm32f1xx_it.o(i.SysTick_Handler) for SysTick_Handler
    startup_stm32f103xe.o(RESET) refers to stm32f1xx_it.o(i.EXTI0_IRQHandler) for EXTI0_IRQHandler
    startup_stm32f103xe.o(RESET) refers to stm32f1xx_it.o(i.EXTI2_IRQHandler) for EXTI2_IRQHandler
    startup_stm32f103xe.o(RESET) refers to stm32f1xx_it.o(i.TIM6_IRQHandler) for TIM6_IRQHandler
    startup_stm32f103xe.o(.text) refers (Special) to heapauxi.o(.text) for __use_two_region_memory
    startup_stm32f103xe.o(.text) refers to system_stm32f1xx.o(i.SystemInit) for SystemInit
    startup_stm32f103xe.o(.text) refers to __main.o(!!!main) for __main
    startup_stm32f103xe.o(.text) refers to startup_stm32f103xe.o(HEAP) for Heap_Mem
    startup_stm32f103xe.o(.text) refers to startup_stm32f103xe.o(STACK) for Stack_Mem
    main.o(i.HAL_GPIO_EXTI_Callback) refers to stm32f1xx_hal_gpio.o(i.HAL_GPIO_ReadPin) for HAL_GPIO_ReadPin
    main.o(i.HAL_GPIO_EXTI_Callback) refers to faddsub_clz.o(x$fpl$fadd) for __aeabi_fadd
    main.o(i.HAL_GPIO_EXTI_Callback) refers to faddsub_clz.o(x$fpl$fsub) for __aeabi_fsub
    main.o(i.HAL_GPIO_EXTI_Callback) refers to main.o(.data) for motor_encoder
    main.o(i.HAL_TIM_PeriodElapsedCallback) refers to tim.o(.bss) for htim6
    main.o(i.HAL_TIM_PeriodElapsedCallback) refers to main.o(.data) for time_ms
    main.o(i._Z18SystemClock_Configv) refers to rt_memclr_w.o(.text) for __aeabi_memclr4
    main.o(i._Z18SystemClock_Configv) refers to stm32f1xx_hal_rcc.o(i.HAL_RCC_OscConfig) for HAL_RCC_OscConfig
    main.o(i._Z18SystemClock_Configv) refers to main.o(i.Error_Handler) for Error_Handler
    main.o(i._Z18SystemClock_Configv) refers to stm32f1xx_hal_rcc.o(i.HAL_RCC_ClockConfig) for HAL_RCC_ClockConfig
    main.o(i.main) refers to stm32f1xx_hal.o(i.HAL_Init) for HAL_Init
    main.o(i.main) refers to main.o(i._Z18SystemClock_Configv) for SystemClock_Config()
    main.o(i.main) refers to gpio.o(i.MX_GPIO_Init) for MX_GPIO_Init
    main.o(i.main) refers to usart.o(i.MX_USART1_UART_Init) for MX_USART1_UART_Init
    main.o(i.main) refers to tim.o(i.MX_TIM3_Init) for MX_TIM3_Init
    main.o(i.main) refers to tim.o(i.MX_TIM6_Init) for MX_TIM6_Init
    main.o(i.main) refers to tim.o(i.MX_TIM8_Init) for MX_TIM8_Init
    main.o(i.main) refers to stm32f1xx_hal_tim.o(i.HAL_TIM_PWM_Start) for HAL_TIM_PWM_Start
    main.o(i.main) refers to key.o(i._Z10Get_KeyNumh) for Get_KeyNum(unsigned char)
    main.o(i.main) refers to stm32f1xx_hal_tim.o(i.HAL_TIM_Base_Start_IT) for HAL_TIM_Base_Start_IT
    main.o(i.main) refers to autopath.o(i._Z11Go_DistancefPf) for Go_Distance(float, float*)
    main.o(i.main) refers to autopath.o(i._Z4Stopv) for Stop()
    main.o(i.main) refers to autopath.o(i._Z15Turn_Right_LeftffPf) for Turn_Right_Left(float, float, float*)
    main.o(i.main) refers to fdiv.o(x$fpl$fdiv) for __aeabi_fdiv
    main.o(i.main) refers to fmul.o(x$fpl$fmul) for __aeabi_fmul
    main.o(i.main) refers to serial.o(i._Z15send_float_dataf) for send_float_data(float)
    main.o(i.main) refers to stm32f1xx_hal.o(i.HAL_Delay) for HAL_Delay
    main.o(i.main) refers to tim.o(.bss) for htim8
    main.o(i.main) refers to main.o(.data) for Key
    main.o(.ARM.exidx) refers to main.o(i.HAL_TIM_PeriodElapsedCallback) for i.HAL_TIM_PeriodElapsedCallback
    main.o(.ARM.exidx) refers to main.o(i.HAL_GPIO_EXTI_Callback) for i.HAL_GPIO_EXTI_Callback
    main.o(.ARM.exidx) refers to main.o(i.Error_Handler) for i.Error_Handler
[...]
    .ARM.Collect$$libinit$$00000004          0x080001b0   Section        0  libinit2.o(.ARM.Collect$$libinit$$00000004)
    .ARM.Collect$$libinit$$0000000A          0x080001b0   Section        0  libinit2.o(.ARM.Collect$$libinit$$0000000A)
    .ARM.Collect$$libinit$$0000000C          0x080001b0   Section        0  libinit2.o(.ARM.Collect$$libinit$$0000000C)
    .ARM.Collect$$libinit$$0000000E          0x080001b0   Section        0  libinit2.o(.ARM.Collect$$libinit$$0000000E)
    .ARM.Collect$$libinit$$0000000F          0x080001b0   Section        6  libinit2.o(.ARM.Collect$$libinit$$0000000F)
    .ARM.Collect$$libinit$$00000011          0x080001b6   Section        0  libinit2.o(.ARM.Collect$$libinit$$00000011)
    .ARM.Collect$$libinit$$00000013          0x080001b6   Section        0  libinit2.o(.ARM.Collect$$libinit$$00000013)
    .ARM.Collect$$libinit$$00000015          0x080001b6   Section        0  libinit2.o(.ARM.Collect$$libinit$$00000015)
    .ARM.Collect$$libinit$$00000016          0x080001b6   Section       10  libinit2.o(.ARM.Collect$$libinit$$00000016)
    .ARM.Collect$$libinit$$00000017          0x080001c0   Section        0  libinit2.o(.ARM.Collect$$libinit$$00000017)
    .ARM.Collect$$libinit$$00000019          0x080001c0   Section        0  libinit2.o(.ARM.Collect$$libinit$$00000019)
    .ARM.Collect$$libinit$$0000001B          0x080001c0   Section        0  libinit2.o(.ARM.Collect$$libinit$$0000001B)
    .ARM.Collect$$libinit$$0000001D          0x080001c0   Section        0  libinit2.o(.ARM.Collect$$libinit$$0000001D)
    .ARM.Collect$$libinit$$0000001F          0x080001c0   Section        0  libinit2.o(.ARM.Collect$$libinit$$0000001F)
    .ARM.Collect$$libinit$$00000021          0x080001c0   Section        0  libinit2.o(.ARM.Collect$$libinit$$00000021)
    .ARM.Collect$$libinit$$00000023          0x080001c0   Section        0  libinit2.o(.ARM.Collect$$libinit$$00000023)
    .ARM.Collect$$libinit$$00000025          0x080001c0   Section        0  libinit2.o(.ARM.Collect$$libinit$$00000025)
    .ARM.Collect$$libinit$$0000002C          0x080001c0   Section        0  libinit2.o(.ARM.Collect$$libinit$$0000002C)
    .ARM.Collect$$libinit$$0000002E          0x080001c0   Section        0  libinit2.o(.ARM.Collect$$libinit$$0000002E)
    .ARM.Collect$$libinit$$00000030          0x080001c0   Section        0  libinit2.o(.ARM.Collect$$libinit$$00000030)
    .ARM.Collect$$libinit$$00000032          0x080001c0   Section        0  libinit2.o(.ARM.Collect$$libinit$$00000032)
    .ARM.Collect$$libinit$$00000033          0x080001c0   Section        2  libinit2.o(.ARM.Collect$$libinit$$00000033)
    .ARM.Collect$$libshutdown$$00000000      0x080001c2   Section        2  libshutdown.o(.ARM.Collect$$libshutdown$$00000000)
    .ARM.Collect$$libshutdown$$00000002      0x080001c4   Section        0  libshutdown2.o(.ARM.Collect$$libshutdown$$00000002)
    .ARM.Collect$$libshutdown$$00000004      0x080001c4   Section        0  libshutdown2.o(.ARM.Collect$$libshutdown$$00000004)
    .ARM.Collect$$libshutdown$$00000006      0x080001c4   Section        0  libshutdown2.o(.ARM.Collect$$libshutdown$$00000006)
    .ARM.Collect$$libshutdown$$00000009      0x080001c4   Section        0  libshutdown2.o(.ARM.Collect$$libshutdown$$00000009)
    .ARM.Collect$$libshutdown$$0000000C      0x080001c4   Section        0  libshutdown2.o(.ARM.Collect$$libshutdown$$0000000C)
    .ARM.Collect$$libshutdown$$0000000E      0x080001c4   Section        0  libshutdown2.o(.ARM.Collect$$libshutdown$$0000000E)
    .ARM.Collect$$libshutdown$$00000011      0x080001c4   Section        0  libshutdown2.o(.ARM.Collect$$libshutdown$$00000011)
    .ARM.Collect$$libshutdown$$00000012      0x080001c4   Section        2  libshutdown2.o(.ARM.Collect$$libshutdown$$00000012)
    .ARM.Collect$$rtentry$$00000000          0x080001c6   Section        0  __rtentry.o(.ARM.Collect$$rtentry$$00000000)
    .ARM.Collect$$rtentry$$00000002          0x080001c6   Section        0  __rtentry2.o(.ARM.Collect$$rtentry$$00000002)
    .ARM.Collect$$rtentry$$00000004          0x080001c6   Section        6  __rtentry4.o(.ARM.Collect$$rtentry$$00000004)
    .ARM.Collect$$rtentry$$00000009          0x080001cc   Section        0  __rtentry2.o(.ARM.Collect$$rtentry$$00000009)
    .ARM.Collect$$rtentry$$0000000A          0x080001cc   Section        4  __rtentry2.o(.ARM.Collect$$rtentry$$0000000A)
    .ARM.Collect$$rtentry$$0000000C          0x080001d0   Section        0  __rtentry2.o(.ARM.Collect$$rtentry$$0000000C)
    .ARM.Collect$$rtentry$$0000000D          0x080001d0   Section        8  __rtentry2.o(.ARM.Collect$$rtentry$$0000000D)
    .ARM.Collect$$rtexit$$00000000           0x080001d8   Section        2  rtexit.o(.ARM.Collect$$rtexit$$00000000)
    .ARM.Collect$$rtexit$$00000002           0x080001da   Section        0  rtexit2.o(.ARM.Collect$$rtexit$$00000002)
    .ARM.Collect$$rtexit$$00000003           0x080001da   Section        4  rtexit2.o(.ARM.Collect$$rtexit$$00000003)
    .ARM.Collect$$rtexit$$00000004           0x080001de   Section        6  rtexit2.o(.ARM.Collect$$rtexit$$00000004)
    .text                                    0x080001e4   Section       64  startup_stm32f103xe.o(.text)
    .text                                    0x08000224   Section        0  noretval__2sprintf.o(.text)
    .text                                    0x0800024c   Section        0  __printf_ss_wp.o(.text)
    .text                                    0x080003ac   Section        0  strlen.o(.text)
    .text                                    0x080003ea   Section       78  rt_memclr_w.o(.text)
    .text                                    0x08000438   Section        0  heapauxi.o(.text)
    .text                                    0x0800043e   Section        0  _printf_fp_dec.o(.text)
    _fp_digits                               0x08000441   Thumb Code   432  _printf_fp_dec.o(.text)
    .text                                    0x0800085c   Section        0  _printf_char_common.o(.text)
    _printf_input_char                       0x0800085d   Thumb Code    10  _printf_char_common.o(.text)
    .text                                    0x0800088c   Section        0  _sputc.o(.text)
    .text                                    0x08000898   Section        8  rt_locale_intlibspace.o(.text)
    .text                                    0x080008a0   Section      138  lludiv10.o(.text)
    .text                                    0x0800092c   Section        0  _printf_fp_infnan.o(.text)
    .text                                    0x080009ac   Section        0  bigflt0.o(.text)
    .text                                    0x08000a90   Section        8  libspace.o(.text)
    .text                                    0x08000a98   Section       74  sys_stackheap_outer.o(.text)
    .text                                    0x08000ae2   Section        0  exit.o(.text)
    .text                                    0x08000af4   Section      128  strcmpv7m.o(.text)
    .text                                    0x08000b74   Section        0  sys_exit.o(.text)
    .text                                    0x08000b80   Section        2  use_no_semi.o(.text)
    .text                                    0x08000b82   Section        0  indicate_semi.o(.text)
    CL$$btod_d2e                             0x08000b82   Section       62  btod.o(CL$$btod_d2e)
    CL$$btod_d2e_denorm_low                  0x08000bc0   Section       70  btod.o(CL$$btod_d2e_denorm_low)
    CL$$btod_d2e_norm_op1                    0x08000c06   Section       96  btod.o(CL$$btod_d2e_norm_op1)
    CL$$btod_div_common                      0x08000c66   Section      824  btod.o(CL$$btod_div_common)
    CL$$btod_e2e                             0x08000f9e   Section      220  btod.o(CL$$btod_e2e)
    CL$$btod_ediv                            0x0800107a   Section       42  btod.o(CL$$btod_ediv)
    CL$$btod_emul                            0x080010a4   Section       42  btod.o(CL$$btod_emul)
    CL$$btod_mult_common                     0x080010ce   Section      580  btod.o(CL$$btod_mult_common)
    i.BusFault_Handler                       0x08001312   Section        0  stm32f1xx_it.o(i.BusFault_Handler)
    i.DebugMon_Handler                       0x08001316   Section        0  stm32f1xx_it.o(i.DebugMon_Handler)
    i.EXTI0_IRQHandler                       0x08001318   Section        0  stm32f1xx_it.o(i.EXTI0_IRQHandler)
    i.EXTI2_IRQHandler                       0x08001322   Section        0  stm32f1xx_it.o(i.EXTI2_IRQHandler)
    i.Error_Handler                          0x0800132c   Section        0  main.o(i.Error_Handler)
    i.HAL_Delay                              0x08001334   Section        0  stm32f1xx_hal.o(i.HAL_Delay)
    i.HAL_GPIO_EXTI_Callback                 0x0800135c   Section        0  main.o(i.HAL_GPIO_EXTI_Callback)
    i.HAL_GPIO_EXTI_IRQHandler               0x0800143c   Section        0  stm32f1xx_hal_gpio.o(i.HAL_GPIO_EXTI_IRQHandler)
    i.HAL_GPIO_Init                          0x08001458   Section        0  stm32f1xx_hal_gpio.o(i.HAL_GPIO_Init)
    i.HAL_GPIO_ReadPin                       0x08001798   Section        0  stm32f1xx_hal_gpio.o(i.HAL_GPIO_ReadPin)
    i.HAL_GPIO_WritePin                      0x080017a8   Section        0  stm32f1xx_hal_gpio.o(i.HAL_GPIO_WritePin)
    i.HAL_GetTick                            0x080017b4   Section        0  stm32f1xx_hal.o(i.HAL_GetTick)
    i.HAL_IncTick                            0x080017c0   Section        0  stm32f1xx_hal.o(i.HAL_IncTick)
    i.HAL_Init                               0x080017d8   Section        0  stm32f1xx_hal.o(i.HAL_Init)
    i.HAL_InitTick                           0x08001800   Section        0  stm32f1xx_hal.o(i.HAL_InitTick)
    i.HAL_MspInit                            0x0800184c   Section        0  stm32f1xx_hal_msp.o(i.HAL_MspInit)
    i.HAL_NVIC_EnableIRQ                     0x080018a0   Section        0  stm32f1xx_hal_cortex.o(i.HAL_NVIC_EnableIRQ)
    i.HAL_NVIC_SetPriority                   0x080018c0   Section        0  stm32f1xx_hal_cortex.o(i.HAL_NVIC_SetPriority)
    i.HAL_NVIC_SetPriorityGrouping           0x0800193c   Section        0  stm32f1xx_hal_cortex.o(i.HAL_NVIC_SetPriorityGrouping)
    i.HAL_RCC_ClockConfig                    0x08001964   Section        0  stm32f1xx_hal_rcc.o(i.HAL_RCC_ClockConfig)
    i.HAL_RCC_GetHCLKFreq                    0x08001af0   Section        0  stm32f1xx_hal_rcc.o(i.HAL_RCC_GetHCLKFreq)
    i.HAL_RCC_GetPCLK1Freq                   0x08001afc   Section        0  stm32f1xx_hal_rcc.o(i.HAL_RCC_GetPCLK1Freq)
    i.HAL_RCC_GetPCLK2Freq                   0x08001b1c   Section        0  stm32f1xx_hal_rcc.o(i.HAL_RCC_GetPCLK2Freq)
    i.HAL_RCC_GetSysClockFreq                0x08001b3c   Section        0  stm32f1xx_hal_rcc.o(i.HAL_RCC_GetSysClockFreq)
    i.HAL_RCC_OscConfig                      0x08001bac   Section        0  stm32f1xx_hal_rcc.o(i.HAL_RCC_OscConfig)
    i.HAL_SYSTICK_Config                     0x08002010   Section        0  stm32f1xx_hal_cortex.o(i.HAL_SYSTICK_Config)
    i.HAL_TIMEx_BreakCallback                0x08002044   Section        0  stm32f1xx_hal_tim_ex.o(i.HAL_TIMEx_BreakCallback)
    i.HAL_TIMEx_CommutCallback               0x08002046   Section        0  stm32f1xx_hal_tim_ex.o(i.HAL_TIMEx_CommutCallback)
    i.HAL_TIMEx_ConfigBreakDeadTime          0x08002048   Section        0  stm32f1xx_hal_tim_ex.o(i.HAL_TIMEx_ConfigBreakDeadTime)
    i.HAL_TIMEx_MasterConfigSynchronization  0x080020bc   Section        0  stm32f1xx_hal_tim_ex.o(i.HAL_TIMEx_MasterConfigSynchronization)
    i.HAL_TIM_Base_Init                      0x08002158   Section        0  stm32f1xx_hal_tim.o(i.HAL_TIM_Base_Init)
    i.HAL_TIM_Base_MspInit                   0x080021c0   Section        0  tim.o(i.HAL_TIM_Base_MspInit)
    i.HAL_TIM_Base_Start_IT                  0x08002254   Section        0  stm32f1xx_hal_tim.o(i.HAL_TIM_Base_Start_IT)
    i.HAL_TIM_ConfigClockSource              0x080022e4   Section        0  stm32f1xx_hal_tim.o(i.HAL_TIM_ConfigClockSource)
    i.HAL_TIM_IC_CaptureCallback             0x080023f0   Section        0  stm32f1xx_hal_tim.o(i.HAL_TIM_IC_CaptureCallback)
    i.HAL_TIM_IRQHandler                     0x080023f2   Section        0  stm32f1xx_hal_tim.o(i.HAL_TIM_IRQHandler)
    i.HAL_TIM_MspPostInit                    0x08002560   Section        0  tim.o(i.HAL_TIM_MspPostInit)
    i.HAL_TIM_OC_DelayElapsedCallback        0x080025f8   Section        0  stm32f1xx_hal_tim.o(i.HAL_TIM_OC_DelayElapsedCallback)
    i.HAL_TIM_PWM_ConfigChannel              0x080025fa   Section        0  stm32f1xx_hal_tim.o(i.HAL_TIM_PWM_ConfigChannel)
    i.HAL_TIM_PWM_Init                       0x080026fe   Section        0  stm32f1xx_hal_tim.o(i.HAL_TIM_PWM_Init)
    i.HAL_TIM_PWM_MspInit                    0x08002764   Section        0  stm32f1xx_hal_tim.o(i.HAL_TIM_PWM_MspInit)
    i.HAL_TIM_PWM_PulseFinishedCallback      0x08002766   Section        0  stm32f1xx_hal_tim.o(i.HAL_TIM_PWM_PulseFinishedCallback)
    i.HAL_TIM_PWM_Start                      0x08002768   Section        0  stm32f1xx_hal_tim.o(i.HAL_TIM_PWM_Start)
    i.HAL_TIM_PeriodElapsedCallback          0x0800285c   Section        0  main.o(i.HAL_TIM_PeriodElapsedCallback)
    i.HAL_TIM_TriggerCallback                0x08002878   Section        0  stm32f1xx_hal_tim.o(i.HAL_TIM_TriggerCallback)
    i.HAL_UART_Init                          0x0800287a   Section        0  stm32f1xx_hal_uart.o(i.HAL_UART_Init)
    i.HAL_UART_MspInit                       0x080028f0   Section        0  usart.o(i.HAL_UART_MspInit)
    i.HAL_UART_Transmit                      0x08002978   Section        0  stm32f1xx_hal_uart.o(i.HAL_UART_Transmit)
    i.HardFault_Handler                      0x08002a36   Section        0  stm32f1xx_it.o(i.HardFault_Handler)
    i.MX_GPIO_Init                           0x08002a3c   Section        0  gpio.o(i.MX_GPIO_Init)
    i.MX_TIM3_Init                           0x08002b84   Section        0  tim.o(i.MX_TIM3_Init)
    i.MX_TIM6_Init                           0x08002c28   Section        0  tim.o(i.MX_TIM6_Init)
    i.MX_TIM8_Init                           0x08002c74   Section        0  tim.o(i.MX_TIM8_Init)
    i.MX_USART1_UART_Init                    0x08002d58   Section        0  usart.o(i.MX_USART1_UART_Init)
    i.MemManage_Handler                      0x08002d90   Section        0  stm32f1xx_it.o(i.MemManage_Handler)
    i.NMI_Handler                            0x08002d94   Section        0  stm32f1xx_it.o(i.NMI_Handler)
    i.PendSV_Handler                         0x08002d98   Section        0  stm32f1xx_it.o(i.PendSV_Handler)
    i.SVC_Handler                            0x08002d9a   Section        0  stm32f1xx_it.o(i.SVC_Handler)
    i.SysTick_Handler                        0x08002d9c   Section        0  stm32f1xx_it.o(i.SysTick_Handler)
    i.SystemInit                             0x08002da4   Section        0  system_stm32f1xx.o(i.SystemInit)
    i.TIM6_IRQHandler                        0x08002da8   Section        0  stm32f1xx_it.o(i.TIM6_IRQHandler)
    i.TIM_Base_SetConfig                     0x08002db8   Section        0  stm32f1xx_hal_tim.o(i.TIM_Base_SetConfig)
    i.TIM_CCxChannelCmd                      0x08002e64   Section        0  stm32f1xx_hal_tim.o(i.TIM_CCxChannelCmd)
    i.TIM_ETR_SetConfig                      0x08002e86   Section        0  stm32f1xx_hal_tim.o(i.TIM_ETR_SetConfig)
    i.TIM_OC2_SetConfig                      0x08002e9c   Section        0  stm32f1xx_hal_tim.o(i.TIM_OC2_SetConfig)
    i.UsageFault_Handler                     0x08002f18   Section        0  stm32f1xx_it.o(i.UsageFault_Handler)
    i._Z10Get_KeyNumh                        0x08002f1c   Section        0  key.o(i._Z10Get_KeyNumh)
    i._Z10PID_UpdateP14PID_Controllerfffff   0x08002f54   Section        0  motor.o(i._Z10PID_UpdateP14PID_Controllerfffff)
    i._Z11Go_DistancefPf                     0x08003004   Section        0  autopath.o(i._Z11Go_DistancefPf)
    i._Z13Motor_Controlcfffff                0x08003060   Section        0  motor.o(i._Z13Motor_Controlcfffff)
    i._Z15Set_Servo_Anglef                   0x080030c8   Section        0  servo.o(i._Z15Set_Servo_Anglef)
    i._Z15Turn_Right_LeftffPf                0x08003174   Section        0  autopath.o(i._Z15Turn_Right_LeftffPf)
    i._Z15send_float_dataf                   0x080031d4   Section        0  serial.o(i._Z15send_float_dataf)
    i._Z18Set_Motor_velocitycs               0x08003214   Section        0  motor.o(i._Z18Set_Motor_velocitycs)
    i._Z18SystemClock_Configv                0x080032f4   Section        0  main.o(i._Z18SystemClock_Configv)
    i._Z4Stopv                               0x0800335a   Section        0  autopath.o(i._Z4Stopv)
    i._ZN41_INTERNAL_19_stm32f1xx_hal_rcc_c_b7071a4b9RCC_DelayEj 0x08003374   Section        0  stm32f1xx_hal_rcc.o(i._ZN41_INTERNAL_19_stm32f1xx_hal_rcc_c_b7071a4b9RCC_DelayEj)
    [local to stm32f1xx_hal_rcc_c]::RCC_Delay(unsigned) 0x08003375   Thumb Code    36  stm32f1xx_hal_rcc.o(i._ZN41_INTERNAL_19_stm32f1xx_hal_rcc_c_b7071a4b9RCC_DelayEj)
    i._ZN41_INTERNAL_19_stm32f1xx_hal_tim_c_a9d95b5217TIM_OC1_SetConfigEP11TIM_TypeDefPK18TIM_OC_InitTypeDef 0x0800339c   Section        0  stm32f1xx_hal_tim.o(i._ZN41_INTERNAL_19_stm32f1xx_hal_tim_c_a9d95b5217TIM_OC1_SetConfigEP11TIM_TypeDefPK18TIM_OC_InitTypeDef)
    [local to stm32f1xx_hal_tim_c]::TIM_OC1_SetConfig(TIM_TypeDef*, const TIM_OC_InitTypeDef*) 0x0800339d   Thumb Code   104  stm32f1xx_hal_tim.o(i._ZN41_INTERNAL_19_stm32f1xx_hal_tim_c_a9d95b5217TIM_OC1_SetConfigEP11TIM_TypeDefPK18TIM_OC_InitTypeDef)
    i._ZN41_INTERNAL_19_stm32f1xx_hal_tim_c_a9d95b5217TIM_OC3_SetConfigEP11TIM_TypeDefPK18TIM_OC_InitTypeDef 0x0800340c   Section        0  stm32f1xx_hal_tim.o(i._ZN41_INTERNAL_19_stm32f1xx_hal_tim_c_a9d95b5217TIM_OC3_SetConfigEP11TIM_TypeDefPK18TIM_OC_InitTypeDef)
    [local to stm32f1xx_hal_tim_c]::TIM_OC3_SetConfig(TIM_TypeDef*, const TIM_OC_InitTypeDef*) 0x0800340d   Thumb Code   112  stm32f1xx_hal_tim.o(i._ZN41_INTERNAL_19_stm32f1xx_hal_tim_c_a9d95b5217TIM_OC3_SetConfigEP11TIM_TypeDefPK18TIM_OC_InitTypeDef)
    i._ZN41_INTERNAL_19_stm32f1xx_hal_tim_c_a9d95b5217TIM_OC4_SetConfigEP11TIM_TypeDefPK18TIM_OC_InitTypeDef 0x08003484   Section        0  stm32f1xx_hal_tim.o(i._ZN41_INTERNAL_19_stm32f1xx_hal_tim_c_a9d95b5217TIM_OC4_SetConfigEP11TIM_TypeDefPK18TIM_OC_InitTypeDef)
    [local to stm32f1xx_hal_tim_c]::TIM_OC4_SetConfig(TIM_TypeDef*, const TIM_OC_InitTypeDef*) 0x08003485   Thumb Code    74  stm32f1xx_hal_tim.o(i._ZN41_INTERNAL_19_stm32f1xx_hal_tim_c_a9d95b5217TIM_OC4_SetConfigEP11TIM_TypeDefPK18TIM_OC_InitTypeDef)
    i._ZN41_INTERNAL_19_stm32f1xx_hal_tim_c_a9d95b5218TIM_ITRx_SetConfigEP11TIM_TypeDefj 0x080034d8   Section        0  stm32f1xx_hal_tim.o(i._ZN41_INTERNAL_19_stm32f1xx_hal_tim_c_a9d95b5218TIM_ITRx_SetConfigEP11TIM_TypeDefj)
    [local to stm32f1xx_hal_tim_c]::TIM_ITRx_SetConfig(TIM_TypeDef*, unsigned) 0x080034d9   Thumb Code    18  stm32f1xx_hal_tim.o(i._ZN41_INTERNAL_19_stm32f1xx_hal_tim_c_a9d95b5218TIM_ITRx_SetConfigEP11TIM_TypeDefj)
    i._ZN41_INTERNAL_19_stm32f1xx_hal_tim_c_a9d95b5224TIM_TI1_ConfigInputStageEP11TIM_TypeDefjj 0x080034ea   Section        0  stm32f1xx_hal_tim.o(i._ZN41_INTERNAL_19_stm32f1xx_hal_tim_c_a9d95b5224TIM_TI1_ConfigInputStageEP11TIM_TypeDefjj)
    [local to stm32f1xx_hal_tim_c]::TIM_TI1_ConfigInputStage(TIM_TypeDef*, unsigned, unsigned) 0x080034eb   Thumb Code    38  stm32f1xx_hal_tim.o(i._ZN41_INTERNAL_19_stm32f1xx_hal_tim_c_a9d95b5224TIM_TI1_ConfigInputStageEP11TIM_TypeDefjj)
    i._ZN41_INTERNAL_19_stm32f1xx_hal_tim_c_a9d95b5224TIM_TI2_ConfigInputStageEP11TIM_TypeDefjj 0x08003510   Section        0  stm32f1xx_hal_tim.o(i._ZN41_INTERNAL_19_stm32f1xx_hal_tim_c_a9d95b5224TIM_TI2_ConfigInputStageEP11TIM_TypeDefjj)
    [local to stm32f1xx_hal_tim_c]::TIM_TI2_ConfigInputStage(TIM_TypeDef*, unsigned, unsigned) 0x08003511   Thumb Code    40  stm32f1xx_hal_tim.o(i._ZN41_INTERNAL_19_stm32f1xx_hal_tim_c_a9d95b5224TIM_TI2_ConfigInputStageEP11TIM_TypeDefjj)
    i._ZN42_INTERNAL_20_stm32f1xx_hal_uart_c_d497114f14UART_SetConfigEP20__UART_HandleTypeDef 0x08003538   Section        0  stm32f1xx_hal_uart.o(i._ZN42_INTERNAL_20_stm32f1xx_hal_uart_c_d497114f14UART_SetConfigEP20__UART_HandleTypeDef)
    [local to stm32f1xx_hal_uart_c]::UART_SetConfig(__UART_HandleTypeDef*) 0x08003539   Thumb Code   248  stm32f1xx_hal_uart.o(i._ZN42_INTERNAL_20_stm32f1xx_hal_uart_c_d497114f14UART_SetConfigEP20__UART_HandleTypeDef)
    i._ZN42_INTERNAL_20_stm32f1xx_hal_uart_c_d497114f18UART_EndRxTransferEP20__UART_HandleTypeDef 0x08003634   Section        0  stm32f1xx_hal_uart.o(i._ZN42_INTERNAL_20_stm32f1xx_hal_uart_c_d497114f18UART_EndRxTransferEP20__UART_HandleTypeDef)
    [local to stm32f1xx_hal_uart_c]::UART_EndRxTransfer(__UART_HandleTypeDef*) 0x08003635   Thumb Code   108  stm32f1xx_hal_uart.o(i._ZN42_INTERNAL_20_stm32f1xx_hal_uart_c_d497114f18UART_EndRxTransferEP20__UART_HandleTypeDef)
    i._ZN42_INTERNAL_20_stm32f1xx_hal_uart_c_d497114f27UART_WaitOnFlagUntilTimeoutEP20__UART_HandleTypeDefj10FlagStatusjj 0x080036a0   Section        0  stm32f1xx_hal_uart.o(i._ZN42_INTERNAL_20_stm32f1xx_hal_uart_c_d497114f27UART_WaitOnFlagUntilTimeoutEP20__UART_HandleTypeDefj10FlagStatusjj)
    [local to stm32f1xx_hal_uart_c]::UART_WaitOnFlagUntilTimeout(__UART_HandleTypeDef*, unsigned, FlagStatus, unsigned, unsigned) 0x080036a1   Thumb Code   140  stm32f1xx_hal_uart.o(i._ZN42_INTERNAL_20_stm32f1xx_hal_uart_c_d497114f27UART_WaitOnFlagUntilTimeoutEP20__UART_HandleTypeDefj10FlagStatusjj)
    i._ZN44_INTERNAL_22_stm32f1xx_hal_cortex_c_2992dbc018__NVIC_SetPriorityE9IRQn_Typej 0x0800372c   Section        0  stm32f1xx_hal_cortex.o(i._ZN44_INTERNAL_22_stm32f1xx_hal_cortex_c_2992dbc018__NVIC_SetPriorityE9IRQn_Typej)
    [local to stm32f1xx_hal_cortex_c]::__NVIC_SetPriority(IRQn_Type, unsigned) 0x0800372d   Thumb Code    32  stm32f1xx_hal_cortex.o(i._ZN44_INTERNAL_22_stm32f1xx_hal_cortex_c_2992dbc018__NVIC_SetPriorityE9IRQn_Typej)
    i._ZN44_INTERNAL_22_stm32f1xx_hal_cortex_c_2992dbc026__NVIC_GetPriorityGroupingEv 0x08003754   Section        0  stm32f1xx_hal_cortex.o(i._ZN44_INTERNAL_22_stm32f1xx_hal_cortex_c_2992dbc026__NVIC_GetPriorityGroupingEv)
    [local to stm32f1xx_hal_cortex_c]::__NVIC_GetPriorityGrouping() 0x08003755   Thumb Code    10  stm32f1xx_hal_cortex.o(i._ZN44_INTERNAL_22_stm32f1xx_hal_cortex_c_2992dbc026__NVIC_GetPriorityGroupingEv)
    i.__ARM_fpclassify                       0x08003764   Section        0  fpclassify.o(i.__ARM_fpclassify)
    i._is_digit                              0x0800378c   Section        0  __printf_wp.o(i._is_digit)
    i.main                                   0x0800379c   Section        0  main.o(i.main)
    locale$$code                             0x080038b0   Section       44  lc_numeric_c.o(locale$$code)
    x$fpl$d2f                                0x080038dc   Section       98  d2f.o(x$fpl$d2f)
    x$fpl$ddiv                               0x08003940   Section      688  ddiv.o(x$fpl$ddiv)
    ddiv_entry                               0x08003947   Thumb Code     0  ddiv.o(x$fpl$ddiv)
    x$fpl$dnaninf                            0x08003bf0   Section      156  dnaninf.o(x$fpl$dnaninf)
    x$fpl$dretinf                            0x08003c8c   Section       12  dretinf.o(x$fpl$dretinf)
    x$fpl$f2d                                0x08003c98   Section       86  f2d.o(x$fpl$f2d)
    x$fpl$fadd                               0x08003cf0   Section      196  faddsub_clz.o(x$fpl$fadd)
    _fadd1                                   0x08003cff   Thumb Code     0  faddsub_clz.o(x$fpl$fadd)
    x$fpl$fcmpinf                            0x08003db4   Section       24  fcmpi.o(x$fpl$fcmpinf)
    x$fpl$fdiv                               0x08003dcc   Section      388  fdiv.o(x$fpl$fdiv)
    _fdiv1                                   0x08003dcd   Thumb Code     0  fdiv.o(x$fpl$fdiv)
    x$fpl$ffix                               0x08003f50   Section       54  ffix.o(x$fpl$ffix)
    x$fpl$ffixu                              0x08003f88   Section       62  ffixu.o(x$fpl$ffixu)
    x$fpl$fleqf                              0x08003fc8   Section      104  fleqf.o(x$fpl$fleqf)
    x$fpl$fmul                               0x08004030   Section      258  fmul.o(x$fpl$fmul)
    x$fpl$fnaninf                            0x08004132   Section      140  fnaninf.o(x$fpl$fnaninf)
    x$fpl$fretinf                            0x080041be   Section       10  fretinf.o(x$fpl$fretinf)
    x$fpl$frleqf                             0x080041c8   Section       98  frleqf.o(x$fpl$frleqf)
    x$fpl$frsb                               0x0800422a   Section       20  faddsub_clz.o(x$fpl$frsb)
    x$fpl$fsub                               0x08004240   Section      234  faddsub_clz.o(x$fpl$fsub)
    _fsub1                                   0x0800424f   Thumb Code     0  faddsub_clz.o(x$fpl$fsub)
    x$fpl$printf1                            0x0800432a   Section        4  printf1.o(x$fpl$printf1)
    .constdata                               0x0800432e   Section       18  stm32f1xx_hal_rcc.o(.constdata)
    x$fpl$usenofp                            0x0800432e   Section        0  usenofp.o(x$fpl$usenofp)
    HAL_RCC_GetSysClockFreq::aPLLMULFactorTable 0x0800432e   Data          16  stm32f1xx_hal_rcc.o(.constdata)
    HAL_RCC_GetSysClockFreq::aPredivFactorTable 0x0800433e   Data           2  stm32f1xx_hal_rcc.o(.constdata)
    .constdata                               0x08004340   Section       24  system_stm32f1xx.o(.constdata)
    .constdata                               0x08004358   Section      148  bigflt0.o(.constdata)
    tenpwrs_x                                0x08004358   Data          60  bigflt0.o(.constdata)
    tenpwrs_i                                0x08004394   Data          64  bigflt0.o(.constdata)
    locale$$data                             0x0800440c   Section       28  lc_numeric_c.o(locale$$data)
    __lcnum_c_name                           0x08004410   Data           2  lc_numeric_c.o(locale$$data)
    __lcnum_c_start                          0x08004418   Data           0  lc_numeric_c.o(locale$$data)
    __lcnum_c_point                          0x08004424   Data           0  lc_numeric_c.o(locale$$data)
    __lcnum_c_thousands                      0x08004426   Data           0  lc_numeric_c.o(locale$$data)
    __lcnum_c_grouping                       0x08004427   Data           0  lc_numeric_c.o(locale$$data)
    __lcnum_c_end                            0x08004428   Data           0  lc_numeric_c.o(locale$$data)
    .data                                    0x20000000   Section       13  main.o(.data)
    .data                                    0x20000010   Section        9  stm32f1xx_hal.o(.data)
    .data                                    0x2000001c   Section        4  system_stm32f1xx.o(.data)
    .bss                                     0x20000020   Section      216  tim.o(.bss)
    .bss                                     0x200000f8   Section       72  usart.o(.bss)
    .bss                                     0x20000140   Section       24  motor.o(.bss)
    .bss                                     0x20000158   Section       96  libspace.o(.bss)
    HEAP                                     0x200001b8   Section      512  startup_stm32f103xe.o(HEAP)
    Heap_Mem                                 0x200001b8   Data         512  startup_stm32f103xe.o(HEAP)
    STACK                                    0x200003b8   Section     1024  startup_stm32f103xe.o(STACK)
    Stack_Mem                                0x200003b8   Data        1024  startup_stm32f103xe.o(STACK)
    __initial_sp                             0x200007b8   Data           0  startup_stm32f103xe.o(STACK)

    Global Symbols

    Symbol Name                              Value     Ov Type        Size  Object(Section)

    BuildAttributes$$THM_ISAv4$P$D$K$B$S$PE$A:L22UL41UL21$X:L11$S22US41US21$IEEE1$IW$USESV6$~STKCKD$USESV7$~SHL$OTIME$ROPI$IEEEJ$EBA8$UX$STANDARDLIB$REQ8$PRES8$EABIv2 0x00000000   Number         0  anon$$obj.o ABSOLUTE
    __ARM_use_no_argv                        0x00000000   Number         0  main.o ABSOLUTE
    _printf_flags                            0x00000000   Number         0  printf_stubs.o ABSOLUTE
    _printf_return_value                     0x00000000   Number         0  printf_stubs.o ABSOLUTE
    _printf_sizespec                         0x00000000   Number         0  printf_stubs.o ABSOLUTE
    _printf_widthprec                        0x00000000   Number         0  printf_stubs.o ABSOLUTE
    __ARM_exceptions_init                     - Undefined Weak Reference
    __alloca_initialize                       - Undefined Weak Reference
    __arm_fini_                               - Undefined Weak Reference
    __arm_preinit_                            - Undefined Weak Reference
    __cpp_initialize__aeabi_                  - Undefined Weak Reference
    __cxa_finalize                            - Undefined Weak Reference
    __sigvec_lookup                           - Undefined Weak Reference
    _atexit_init                              - Undefined Weak Reference
    _call_atexit_fns                          - Undefined Weak Reference
    _clock_init                               - Undefined Weak Reference
    _fp_trap_init                             - Undefined Weak Reference
    _fp_trap_shutdown                         - Undefined Weak Reference
    _get_lc_collate                           - Undefined Weak Reference
    _get_lc_ctype                             - Undefined Weak Reference
    _get_lc_monetary                          - Undefined Weak Reference
    _get_lc_time                              - Undefined Weak Reference
    _getenv_init                              - Undefined Weak Reference
    _handle_redirection                       - Undefined Weak Reference
    _init_alloc                               - Undefined Weak Reference
    _init_user_alloc                          - Undefined Weak Reference
    _initio                                   - Undefined Weak Reference
    _printf_post_padding                      - Undefined Weak Reference
    _printf_pre_padding                       - Undefined Weak Reference
    _printf_truncate_signed                   - Undefined Weak Reference
    _printf_truncate_unsigned                 - Undefined Weak Reference
    _rand_init                                - Undefined Weak Reference
    _signal_finish                            - Undefined Weak Reference
    _signal_init                              - Undefined Weak Reference
    _terminate_alloc                          - Undefined Weak Reference
    _terminate_user_alloc                     - Undefined Weak Reference
    _terminateio                              - Undefined Weak Reference
    __Vectors_Size                           0x00000130   Number         0  startup_stm32f103xe.o ABSOLUTE
    __Vectors                                0x08000000   Data           4  startup_stm32f103xe.o(RESET)
    __Vectors_End                            0x08000130   Data           0  startup_stm32f103xe.o(RESET)
    __main                                   0x08000131   Thumb Code     8  __main.o(!!!main)
    __scatterload                            0x08000139   Thumb Code     0  __scatter.o(!!!scatter)
    __scatterload_rt2                        0x08000139   Thumb Code    44  __scatter.o(!!!scatter)
    __scatterload_rt2_thumb_only             0x08000139   Thumb Code     0  __scatter.o(!!!scatter)
    __scatterload_null                       0x08000147   Thumb Code     0  __scatter.o(!!!scatter)
    __scatterload_copy                       0x0800016d   Thumb Code    26  __scatter_copy.o(!!handler_copy)
    __scatterload_zeroinit                   0x08000189   Thumb Code    28  __scatter_zi.o(!!handler_zi)
    _printf_f                                0x080001a5   Thumb Code     0  _printf_f.o(.ARM.Collect$$_printf_percent$$00000003)
    _printf_percent                          0x080001a5   Thumb Code     0  _printf_percent.o(.ARM.Collect$$_printf_percent$$00000000)
    _printf_percent_end                      0x080001ab   Thumb Code     0  _printf_percent_end.o(.ARM.Collect$$_printf_percent$$00000017)
    __rt_lib_init                            0x080001af   Thumb Code     0  libinit.o(.ARM.Collect$$libinit$$00000000)
    __rt_lib_init_fp_1                       0x080001b1   Thumb Code     0  libinit2.o(.ARM.Collect$$libinit$$00000002)
    __rt_lib_init_heap_1                     0x080001b1   Thumb Code     0  libinit2.o(.ARM.Collect$$libinit$$0000000A)
    __rt_lib_init_lc_common                  0x080001b1   Thumb Code     0  libinit2.o(.ARM.Collect$$libinit$$0000000F)
    __rt_lib_init_preinit_1                  0x080001b1   Thumb Code     0  libinit2.o(.ARM.Collect$$libinit$$00000004)
    __rt_lib_init_rand_1                     0x080001b1   Thumb Code     0  libinit2.o(.ARM.Collect$$libinit$$0000000E)
    __rt_lib_init_user_alloc_1               0x080001b1   Thumb Code     0  libinit2.o(.ARM.Collect$$libinit$$0000000C)
    __rt_lib_init_lc_collate_1               0x080001b7   Thumb Code     0  libinit2.o(.ARM.Collect$$libinit$$00000011)
    __rt_lib_init_lc_ctype_1                 0x080001b7   Thumb Code     0  libinit2.o(.ARM.Collect$$libinit$$00000013)
    __rt_lib_init_lc_monetary_1              0x080001b7   Thumb Code     0  libinit2.o(.ARM.Collect$$libinit$$00000015)
    __rt_lib_init_lc_numeric_2               0x080001b7   Thumb Code     0  libinit2.o(.ARM.Collect$$libinit$$00000016)
    __rt_lib_init_alloca_1                   0x080001c1   Thumb Code     0  libinit2.o(.ARM.Collect$$libinit$$0000002E)
    __rt_lib_init_argv_1                     0x080001c1   Thumb Code     0  libinit2.o(.ARM.Collect$$libinit$$0000002C)
    __rt_lib_init_atexit_1                   0x080001c1   Thumb Code     0  libinit2.o(.ARM.Collect$$libinit$$0000001B)
    __rt_lib_init_clock_1                    0x080001c1   Thumb Code     0  libinit2.o(.ARM.Collect$$libinit$$00000021)
    __rt_lib_init_cpp_1                      0x080001c1   Thumb Code     0  libinit2.o(.ARM.Collect$$libinit$$00000032)
    __rt_lib_init_exceptions_1               0x080001c1   Thumb Code     0  libinit2.o(.ARM.Collect$$libinit$$00000030)
    __rt_lib_init_fp_trap_1                  0x080001c1   Thumb Code     0  libinit2.o(.ARM.Collect$$libinit$$0000001F)
    __rt_lib_init_getenv_1                   0x080001c1   Thumb Code     0  libinit2.o(.ARM.Collect$$libinit$$00000023)
    __rt_lib_init_lc_numeric_1               0x080001c1   Thumb Code     0  libinit2.o(.ARM.Collect$$libinit$$00000017)
    __rt_lib_init_lc_time_1                  0x080001c1   Thumb Code     0  libinit2.o(.ARM.Collect$$libinit$$00000019)
    __rt_lib_init_return                     0x080001c1   Thumb Code     0  libinit2.o(.ARM.Collect$$libinit$$00000033)
    __rt_lib_init_signal_1                   0x080001c1   Thumb Code     0  libinit2.o(.ARM.Collect$$libinit$$0000001D)
    __rt_lib_init_stdio_1                    0x080001c1   Thumb Code     0  libinit2.o(.ARM.Collect$$libinit$$00000025)
    __rt_lib_shutdown                        0x080001c3   Thumb Code     0  libshutdown.o(.ARM.Collect$$libshutdown$$00000000)
    __rt_lib_shutdown_cpp_1                  0x080001c5   Thumb Code     0  libshutdown2.o(.ARM.Collect$$libshutdown$$00000004)
    __rt_lib_shutdown_fini_1                 0x080001c5   Thumb Code     0  libshutdown2.o(.ARM.Collect$$libshutdown$$00000002)
    __rt_lib_shutdown_fp_trap_1              0x080001c5   Thumb Code     0  libshutdown2.o(.ARM.Collect$$libshutdown$$00000009)
    __rt_lib_shutdown_heap_1                 0x080001c5   Thumb Code     0  libshutdown2.o(.ARM.Collect$$libshutdown$$00000011)
    __rt_lib_shutdown_return                 0x080001c5   Thumb Code     0  libshutdown2.o(.ARM.Collect$$libshutdown$$00000012)
    __rt_lib_shutdown_signal_1               0x080001c5   Thumb Code     0  libshutdown2.o(.ARM.Collect$$libshutdown$$0000000C)
    __rt_lib_shutdown_stdio_1                0x080001c5   Thumb Code     0  libshutdown2.o(.ARM.Collect$$libshutdown$$00000006)
    __rt_lib_shutdown_user_alloc_1           0x080001c5   Thumb Code     0  libshutdown2.o(.ARM.Collect$$libshutdown$$0000000E)
    __rt_entry                               0x080001c7   Thumb Code     0  __rtentry.o(.ARM.Collect$$rtentry$$00000000)
    __rt_entry_presh_1                       0x080001c7   Thumb Code     0  __rtentry2.o(.ARM.Collect$$rtentry$$00000002)
    __rt_entry_sh                            0x080001c7   Thumb Code     0  __rtentry4.o(.ARM.Collect$$rtentry$$00000004)
    __rt_entry_li                            0x080001cd   Thumb Code     0  __rtentry2.o(.ARM.Collect$$rtentry$$0000000A)
    __rt_entry_postsh_1                      0x080001cd   Thumb Code     0  __rtentry2.o(.ARM.Collect$$rtentry$$00000009)
    __rt_entry_main                          0x080001d1   Thumb Code     0  __rtentry2.o(.ARM.Collect$$rtentry$$0000000D)
    __rt_entry_postli_1                      0x080001d1   Thumb Code     0  __rtentry2.o(.ARM.Collect$$rtentry$$0000000C)
    __rt_exit                                0x080001d9   Thumb Code     0  rtexit.o(.ARM.Collect$$rtexit$$00000000)
    __rt_exit_ls                             0x080001db   Thumb Code     0  rtexit2.o(.ARM.Collect$$rtexit$$00000003)
    __rt_exit_prels_1                        0x080001db   Thumb Code     0  rtexit2.o(.ARM.Collect$$rtexit$$00000002)
    __rt_exit_exit                           0x080001df   Thumb Code     0  rtexit2.o(.ARM.Collect$$rtexit$$00000004)
    Reset_Handler                            0x080001e5   Thumb Code     8  startup_stm32f103xe.o(.text)
    ADC1_2_IRQHandler                        0x080001ff   Thumb Code     0  startup_stm32f103xe.o(.text)
    ADC3_IRQHandler                          0x080001ff   Thumb Code     0  startup_stm32f103xe.o(.text)
    CAN1_RX1_IRQHandler                      0x080001ff   Thumb Code     0  startup_stm32f103xe.o(.text)
    CAN1_SCE_IRQHandler                      0x080001ff   Thumb Code     0  startup_stm32f103xe.o(.text)
    DMA1_Channel1_IRQHandler                 0x080001ff   Thumb Code     0  startup_stm32f103xe.o(.text)
    DMA1_Channel2_IRQHandler                 0x080001ff   Thumb Code     0  startup_stm32f103xe.o(.text)
    DMA1_Channel3_IRQHandler                 0x080001ff   Thumb Code     0  startup_stm32f103xe.o(.text)
    DMA1_Channel4_IRQHandler                 0x080001ff   Thumb Code     0  startup_stm32f103xe.o(.text)
    DMA1_Channel5_IRQHandler                 0x080001ff   Thumb Code     0  startup_stm32f103xe.o(.text)
    DMA1_Channel6_IRQHandler                 0x080001ff   Thumb Code     0  startup_stm32f103xe.o(.text)
    DMA1_Channel7_IRQHandler                 0x080001ff   Thumb Code     0  startup_stm32f103xe.o(.text)
    DMA2_Channel1_IRQHandler                 0x080001ff   Thumb Code     0  startup_stm32f103xe.o(.text)
    DMA2_Channel2_IRQHandler                 0x080001ff   Thumb Code     0  startup_stm32f103xe.o(.text)
    DMA2_Channel3_IRQHandler                 0x080001ff   Thumb Code     0  startup_stm32f103xe.o(.text)
    DMA2_Channel4_5_IRQHandler               0x080001ff   Thumb Code     0  startup_stm32f103xe.o(.text)
    EXTI15_10_IRQHandler                     0x080001ff   Thumb Code     0  startup_stm32f103xe.o(.text)
    EXTI1_IRQHandler                         0x080001ff   Thumb Code     0  startup_stm32f103xe.o(.text)
    EXTI3_IRQHandler                         0x080001ff   Thumb Code     0  startup_stm32f103xe.o(.text)
    EXTI4_IRQHandler                         0x080001ff   Thumb Code     0  startup_stm32f103xe.o(.text)
    EXTI9_5_IRQHandler                       0x080001ff   Thumb Code     0  startup_stm32f103xe.o(.text)
    FLASH_IRQHandler                         0x080001ff   Thumb Code     0  startup_stm32f103xe.o(.text)
    FSMC_IRQHandler                          0x080001ff   Thumb Code     0  startup_stm32f103xe.o(.text)
    I2C1_ER_IRQHandler                       0x080001ff   Thumb Code     0  startup_stm32f103xe.o(.text)
    I2C1_EV_IRQHandler                       0x080001ff   Thumb Code     0  startup_stm32f103xe.o(.text)
    I2C2_ER_IRQHandler                       0x080001ff   Thumb Code     0  startup_stm32f103xe.o(.text)
    I2C2_EV_IRQHandler                       0x080001ff   Thumb Code     0  startup_stm32f103xe.o(.text)
    PVD_IRQHandler                           0x080001ff   Thumb Code     0  startup_stm32f103xe.o(.text)
    RCC_IRQHandler                           0x080001ff   Thumb Code     0  startup_stm32f103xe.o(.text)
    RTC_Alarm_IRQHandler                     0x080001ff   Thumb Code     0  startup_stm32f103xe.o(.text)
    RTC_IRQHandler                           0x080001ff   Thumb Code     0  startup_stm32f103xe.o(.text)
    SDIO_IRQHandler                          0x080001ff   Thumb Code     0  startup_stm32f103xe.o(.text)
    SPI1_IRQHandler                          0x080001ff   Thumb Code     0  startup_stm32f103xe.o(.text)
    SPI2_IRQHandler                          0x080001ff   Thumb Code     0  startup_stm32f103xe.o(.text)
    SPI3_IRQHandler                          0x080001ff   Thumb Code     0  startup_stm32f103xe.o(.text)
    TAMPER_IRQHandler                        0x080001ff   Thumb Code     0  startup_stm32f103xe.o(.text)
    TIM1_BRK_IRQHandler                      0x080001ff   Thumb Code     0  startup_stm32f103xe.o(.text)
    TIM1_CC_IRQHandler                       0x080001ff   Thumb Code     0  startup_stm32f103xe.o(.text)
    TIM1_TRG_COM_IRQHandler                  0x080001ff   Thumb Code     0  startup_stm32f103xe.o(.text)
    TIM1_UP_IRQHandler                       0x080001ff   Thumb Code     0  startup_stm32f103xe.o(.text)
    TIM2_IRQHandler                          0x080001ff   Thumb Code     0  startup_stm32f103xe.o(.text)
    TIM3_IRQHandler                          0x080001ff   Thumb Code     0  startup_stm32f103xe.o(.text)
    TIM4_IRQHandler                          0x080001ff   Thumb Code     0  startup_stm32f103xe.o(.text)
    TIM5_IRQHandler                          0x080001ff   Thumb Code     0  startup_stm32f103xe.o(.text)
    TIM7_IRQHandler                          0x080001ff   Thumb Code     0  startup_stm32f103xe.o(.text)
    TIM8_BRK_IRQHandler                      0x080001ff   Thumb Code     0  startup_stm32f103xe.o(.text)
    TIM8_CC_IRQHandler                       0x080001ff   Thumb Code     0  startup_stm32f103xe.o(.text)
    TIM8_TRG_COM_IRQHandler                  0x080001ff   Thumb Code     0  startup_stm32f103xe.o(.text)
    TIM8_UP_IRQHandler                       0x080001ff   Thumb Code     0  startup_stm32f103xe.o(.text)
    UART4_IRQHandler                         0x080001ff   Thumb Code     0  startup_stm32f103xe.o(.text)
    UART5_IRQHandler                         0x080001ff   Thumb Code     0  startup_stm32f103xe.o(.text)
    USART1_IRQHandler                        0x080001ff   Thumb Code     0  startup_stm32f103xe.o(.text)
    USART2_IRQHandler                        0x080001ff   Thumb Code     0  startup_stm32f103xe.o(.text)
    USART3_IRQHandler                        0x080001ff   Thumb Code     0  startup_stm32f103xe.o(.text)
    USBWakeUp_IRQHandler                     0x080001ff   Thumb Code     0  startup_stm32f103xe.o(.text)
    USB_HP_CAN1_TX_IRQHandler                0x080001ff   Thumb Code     0  startup_stm32f103xe.o(.text)
    USB_LP_CAN1_RX0_IRQHandler               0x080001ff   Thumb Code     0  startup_stm32f103xe.o(.text)
    WWDG_IRQHandler                          0x080001ff   Thumb Code     0  startup_stm32f103xe.o(.text)
    __user_initial_stackheap                 0x08000201   Thumb Code     0  startup_stm32f103xe.o(.text)
    __2sprintf                               0x08000225   Thumb Code    34  noretval__2sprintf.o(.text)
    __printf                                 0x0800024d   Thumb Code   352  __printf_ss_wp.o(.text)
    strlen                                   0x080003ad   Thumb Code    62  strlen.o(.text)
    __aeabi_memclr4                          0x080003eb   Thumb Code     0  rt_memclr_w.o(.text)
    __aeabi_memclr8                          0x080003eb   Thumb Code     0  rt_memclr_w.o(.text)
    __rt_memclr_w                            0x080003eb   Thumb Code    78  rt_memclr_w.o(.text)
    _memset_w                                0x080003ef   Thumb Code     0  rt_memclr_w.o(.text)
    __use_two_region_memory                  0x08000439   Thumb Code     2  heapauxi.o(.text)
    __rt_heap_escrow$2region                 0x0800043b   Thumb Code     2  heapauxi.o(.text)
    __rt_heap_expand$2region                 0x0800043d   Thumb Code     2  heapauxi.o(.text)
    __lib_sel_fp_printf                      0x0800043f   Thumb Code     2  _printf_fp_dec.o(.text)
    _printf_fp_dec_real                      0x080005f1   Thumb Code   620  _printf_fp_dec.o(.text)
    _printf_char_common                      0x08000867   Thumb Code    32  _printf_char_common.o(.text)
    _sputc                                   0x0800088d   Thumb Code    10  _sputc.o(.text)
    __rt_locale                              0x08000899   Thumb Code     8  rt_locale_intlibspace.o(.text)
    _ll_udiv10                               0x080008a1   Thumb Code   138  lludiv10.o(.text)
    _printf_fp_infnan                        0x0800092d   Thumb Code   112  _printf_fp_infnan.o(.text)
    _btod_etento                             0x080009ad   Thumb Code   224  bigflt0.o(.text)
    __user_libspace                          0x08000a91   Thumb Code     8  libspace.o(.text)
    __user_perproc_libspace                  0x08000a91   Thumb Code     0  libspace.o(.text)
    __user_perthread_libspace                0x08000a91   Thumb Code     0  libspace.o(.text)
    __user_setup_stackheap                   0x08000a99   Thumb Code    74  sys_stackheap_outer.o(.text)
    exit                                     0x08000ae3   Thumb Code    18  exit.o(.text)
    strcmp                                   0x08000af5   Thumb Code   128  strcmpv7m.o(.text)
    _sys_exit                                0x08000b75   Thumb Code     8  sys_exit.o(.text)
    __I$use$semihosting                      0x08000b81   Thumb Code     0  use_no_semi.o(.text)
    __use_no_semihosting_swi                 0x08000b81   Thumb Code     2  use_no_semi.o(.text)
    __semihosting_library_function           0x08000b83   Thumb Code     0  indicate_semi.o(.text)
    _btod_d2e                                0x08000b83   Thumb Code    62  btod.o(CL$$btod_d2e)
    _d2e_denorm_low                          0x08000bc1   Thumb Code    70  btod.o(CL$$btod_d2e_denorm_low)
    _d2e_norm_op1                            0x08000c07   Thumb Code    96  btod.o(CL$$btod_d2e_norm_op1)
    __btod_div_common                        0x08000c67   Thumb Code   696  btod.o(CL$$btod_div_common)
    _e2e                                     0x08000f9f   Thumb Code   220  btod.o(CL$$btod_e2e)
    _btod_ediv                               0x0800107b   Thumb Code    42  btod.o(CL$$btod_ediv)
    _btod_emul                               0x080010a5   Thumb Code    42  btod.o(CL$$btod_emul)
    __btod_mult_common                       0x080010cf   Thumb Code   580  btod.o(CL$$btod_mult_common)
    BusFault_Handler                         0x08001313   Thumb Code     4  stm32f1xx_it.o(i.BusFault_Handler)
    DebugMon_Handler                         0x08001317   Thumb Code     2  stm32f1xx_it.o(i.DebugMon_Handler)
    EXTI0_IRQHandler                         0x08001319   Thumb Code    10  stm32f1xx_it.o(i.EXTI0_IRQHandler)
    EXTI2_IRQHandler                         0x08001323   Thumb Code    10  stm32f1xx_it.o(i.EXTI2_IRQHandler)
    Error_Handler                            0x0800132d   Thumb Code     6  main.o(i.Error_Handler)
    HAL_Delay                                0x08001335   Thumb Code    36  stm32f1xx_hal.o(i.HAL_Delay)
    HAL_GPIO_EXTI_Callback                   0x0800135d   Thumb Code   214  main.o(i.HAL_GPIO_EXTI_Callback)
    HAL_GPIO_EXTI_IRQHandler                 0x0800143d   Thumb Code    24  stm32f1xx_hal_gpio.o(i.HAL_GPIO_EXTI_IRQHandler)
    HAL_GPIO_Init                            0x08001459   Thumb Code   792  stm32f1xx_hal_gpio.o(i.HAL_GPIO_Init)
    HAL_GPIO_ReadPin                         0x08001799   Thumb Code    16  stm32f1xx_hal_gpio.o(i.HAL_GPIO_ReadPin)
    HAL_GPIO_WritePin                        0x080017a9   Thumb Code    12  stm32f1xx_hal_gpio.o(i.HAL_GPIO_WritePin)
    HAL_GetTick                              0x080017b5   Thumb Code     6  stm32f1xx_hal.o(i.HAL_GetTick)
    HAL_IncTick                              0x080017c1   Thumb Code    16  stm32f1xx_hal.o(i.HAL_IncTick)
    HAL_Init                                 0x080017d9   Thumb Code    34  stm32f1xx_hal.o(i.HAL_Init)
    HAL_InitTick                             0x08001801   Thumb Code    64  stm32f1xx_hal.o(i.HAL_InitTick)
    HAL_MspInit                              0x0800184d   Thumb Code    76  stm32f1xx_hal_msp.o(i.HAL_MspInit)
    HAL_NVIC_EnableIRQ                       0x080018a1   Thumb Code    32  stm32f1xx_hal_cortex.o(i.HAL_NVIC_EnableIRQ)
    HAL_NVIC_SetPriority                     0x080018c1   Thumb Code   124  stm32f1xx_hal_cortex.o(i.HAL_NVIC_SetPriority)
    HAL_NVIC_SetPriorityGrouping             0x0800193d   Thumb Code    32  stm32f1xx_hal_cortex.o(i.HAL_NVIC_SetPriorityGrouping)
    HAL_RCC_ClockConfig                      0x08001965   Thumb Code   376  stm32f1xx_hal_rcc.o(i.HAL_RCC_ClockConfig)
    HAL_RCC_GetHCLKFreq                      0x08001af1   Thumb Code     6  stm32f1xx_hal_rcc.o(i.HAL_RCC_GetHCLKFreq)
    HAL_RCC_GetPCLK1Freq                     0x08001afd   Thumb Code    22  stm32f1xx_hal_rcc.o(i.HAL_RCC_GetPCLK1Freq)
    HAL_RCC_GetPCLK2Freq                     0x08001b1d   Thumb Code    22  stm32f1xx_hal_rcc.o(i.HAL_RCC_GetPCLK2Freq)
    HAL_RCC_GetSysClockFreq                  0x08001b3d   Thumb Code    92  stm32f1xx_hal_rcc.o(i.HAL_RCC_GetSysClockFreq)
    HAL_RCC_OscConfig                        0x08001bad   Thumb Code  1114  stm32f1xx_hal_rcc.o(i.HAL_RCC_OscConfig)
    HAL_SYSTICK_Config                       0x08002011   Thumb Code    52  stm32f1xx_hal_cortex.o(i.HAL_SYSTICK_Config)
    HAL_TIMEx_BreakCallback                  0x08002045   Thumb Code     2  stm32f1xx_hal_tim_ex.o(i.HAL_TIMEx_BreakCallback)
    HAL_TIMEx_CommutCallback                 0x08002047   Thumb Code     2  stm32f1xx_hal_tim_ex.o(i.HAL_TIMEx_CommutCallback)
    HAL_TIMEx_ConfigBreakDeadTime            0x08002049   Thumb Code   116  stm32f1xx_hal_tim_ex.o(i.HAL_TIMEx_ConfigBreakDeadTime)
    HAL_TIMEx_MasterConfigSynchronization    0x080020bd   Thumb Code   134  stm32f1xx_hal_tim_ex.o(i.HAL_TIMEx_MasterConfigSynchronization)
    HAL_TIM_Base_Init                        0x08002159   Thumb Code   102  stm32f1xx_hal_tim.o(i.HAL_TIM_Base_Init)
    HAL_TIM_Base_MspInit                     0x080021c1   Thumb Code   132  tim.o(i.HAL_TIM_Base_MspInit)
    HAL_TIM_Base_Start_IT                    0x08002255   Thumb Code   122  stm32f1xx_hal_tim.o(i.HAL_TIM_Base_Start_IT)
    HAL_TIM_ConfigClockSource                0x080022e5   Thumb Code   268  stm32f1xx_hal_tim.o(i.HAL_TIM_ConfigClockSource)
    HAL_TIM_IC_CaptureCallback               0x080023f1   Thumb Code     2  stm32f1xx_hal_tim.o(i.HAL_TIM_IC_CaptureCallback)
    HAL_TIM_IRQHandler                       0x080023f3   Thumb Code   364  stm32f1xx_hal_tim.o(i.HAL_TIM_IRQHandler)
    HAL_TIM_MspPostInit                      0x08002561   Thumb Code   130  tim.o(i.HAL_TIM_MspPostInit)
    HAL_TIM_OC_DelayElapsedCallback          0x080025f9   Thumb Code     2  stm32f1xx_hal_tim.o(i.HAL_TIM_OC_DelayElapsedCallback)
    HAL_TIM_PWM_ConfigChannel                0x080025fb   Thumb Code   260  stm32f1xx_hal_tim.o(i.HAL_TIM_PWM_ConfigChannel)
    HAL_TIM_PWM_Init                         0x080026ff   Thumb Code   102  stm32f1xx_hal_tim.o(i.HAL_TIM_PWM_Init)
    HAL_TIM_PWM_MspInit                      0x08002765   Thumb Code     2  stm32f1xx_hal_tim.o(i.HAL_TIM_PWM_MspInit)
    HAL_TIM_PWM_PulseFinishedCallback        0x08002767   Thumb Code     2  stm32f1xx_hal_tim.o(i.HAL_TIM_PWM_PulseFinishedCallback)
    HAL_TIM_PWM_Start                        0x08002769   Thumb Code   222  stm32f1xx_hal_tim.o(i.HAL_TIM_PWM_Start)
    HAL_TIM_PeriodElapsedCallback            0x0800285d   Thumb Code    18  main.o(i.HAL_TIM_PeriodElapsedCallback)
    HAL_TIM_TriggerCallback                  0x08002879   Thumb Code     2  stm32f1xx_hal_tim.o(i.HAL_TIM_TriggerCallback)
    HAL_UART_Init                            0x0800287b   Thumb Code   118  stm32f1xx_hal_uart.o(i.HAL_UART_Init)
    HAL_UART_MspInit                         0x080028f1   Thumb Code   122  usart.o(i.HAL_UART_MspInit)
    HAL_UART_Transmit                        0x08002979   Thumb Code   190  stm32f1xx_hal_uart.o(i.HAL_UART_Transmit)
    HardFault_Handler                        0x08002a37   Thumb Code     4  stm32f1xx_it.o(i.HardFault_Handler)
    MX_GPIO_Init                             0x08002a3d   Thumb Code   310  gpio.o(i.MX_GPIO_Init)
    MX_TIM3_Init                             0x08002b85   Thumb Code   154  tim.o(i.MX_TIM3_Init)
    MX_TIM6_Init                             0x08002c29   Thumb Code    66  tim.o(i.MX_TIM6_Init)
    MX_TIM8_Init                             0x08002c75   Thumb Code   220  tim.o(i.MX_TIM8_Init)
    MX_USART1_UART_Init                      0x08002d59   Thumb Code    46  usart.o(i.MX_USART1_UART_Init)
    MemManage_Handler                        0x08002d91   Thumb Code     4  stm32f1xx_it.o(i.MemManage_Handler)
    NMI_Handler                              0x08002d95   Thumb Code     4  stm32f1xx_it.o(i.NMI_Handler)
    PendSV_Handler                           0x08002d99   Thumb Code     2  stm32f1xx_it.o(i.PendSV_Handler)
    SVC_Handler                              0x08002d9b   Thumb Code     2  stm32f1xx_it.o(i.SVC_Handler)
    SysTick_Handler                          0x08002d9d   Thumb Code     8  stm32f1xx_it.o(i.SysTick_Handler)
    SystemInit                               0x08002da5   Thumb Code     2  system_stm32f1xx.o(i.SystemInit)
    TIM6_IRQHandler                          0x08002da9   Thumb Code    10  stm32f1xx_it.o(i.TIM6_IRQHandler)
    TIM_Base_SetConfig                       0x08002db9   Thumb Code   150  stm32f1xx_hal_tim.o(i.TIM_Base_SetConfig)
    TIM_CCxChannelCmd                        0x08002e65   Thumb Code    34  stm32f1xx_hal_tim.o(i.TIM_CCxChannelCmd)
    TIM_ETR_SetConfig                        0x08002e87   Thumb Code    22  stm32f1xx_hal_tim.o(i.TIM_ETR_SetConfig)
    TIM_OC2_SetConfig                        0x08002e9d   Thumb Code   114  stm32f1xx_hal_tim.o(i.TIM_OC2_SetConfig)
    UsageFault_Handler                       0x08002f19   Thumb Code     4  stm32f1xx_it.o(i.UsageFault_Handler)
    Get_KeyNum(unsigned char)                0x08002f1d   Thumb Code    50  key.o(i._Z10Get_KeyNumh)
    PID_Update(PID_Controller*, float, float, float, float, float) 0x08002f55   Thumb Code   158  motor.o(i._Z10PID_UpdateP14PID_Controllerfffff)
    Go_Distance(float, float*)               0x08003005   Thumb Code    76  autopath.o(i._Z11Go_DistancefPf)
    Motor_Control(char, float, float, float, float, float) 0x08003061   Thumb Code    92  motor.o(i._Z13Motor_Controlcfffff)
    Set_Servo_Angle(float)                   0x080030c9   Thumb Code   150  servo.o(i._Z15Set_Servo_Anglef)
    Turn_Right_Left(float, float, float*)    0x08003175   Thumb Code    78  autopath.o(i._Z15Turn_Right_LeftffPf)
    send_float_data(float)                   0x080031d5   Thumb Code    52  serial.o(i._Z15send_float_dataf)
    Set_Motor_velocity(char, short)          0x08003215   Thumb Code   212  motor.o(i._Z18Set_Motor_velocitycs)
    SystemClock_Config()                     0x080032f5   Thumb Code   102  main.o(i._Z18SystemClock_Configv)
    Stop()                                   0x0800335b   Thumb Code    26  autopath.o(i._Z4Stopv)
    __ARM_fpclassify                         0x08003765   Thumb Code    40  fpclassify.o(i.__ARM_fpclassify)
    _is_digit                                0x0800378d   Thumb Code    14  __printf_wp.o(i._is_digit)
    main                                     0x0800379d   Thumb Code   230  main.o(i.main)
    _get_lc_numeric                          0x080038b1   Thumb Code    44  lc_numeric_c.o(locale$$code)
    __aeabi_d2f                              0x080038dd   Thumb Code     0  d2f.o(x$fpl$d2f)
    _d2f                                     0x080038dd   Thumb Code    98  d2f.o(x$fpl$d2f)
    __aeabi_ddiv                             0x08003941   Thumb Code     0  ddiv.o(x$fpl$ddiv)
    _ddiv                                    0x08003941   Thumb Code   552  ddiv.o(x$fpl$ddiv)
    __fpl_dnaninf                            0x08003bf1   Thumb Code   156  dnaninf.o(x$fpl$dnaninf)
    __fpl_dretinf                            0x08003c8d   Thumb Code    12  dretinf.o(x$fpl$dretinf)
    __aeabi_f2d                              0x08003c99   Thumb Code     0  f2d.o(x$fpl$f2d)
    _f2d                                     0x08003c99   Thumb Code    86  f2d.o(x$fpl$f2d)
    __aeabi_fadd                             0x08003cf1   Thumb Code     0  faddsub_clz.o(x$fpl$fadd)
    _fadd                                    0x08003cf1   Thumb Code   196  faddsub_clz.o(x$fpl$fadd)
    __fpl_fcmp_Inf                           0x08003db5   Thumb Code    24  fcmpi.o(x$fpl$fcmpinf)
    __aeabi_fdiv                             0x08003dcd   Thumb Code     0  fdiv.o(x$fpl$fdiv)
    _fdiv                                    0x08003dcd   Thumb Code   384  fdiv.o(x$fpl$fdiv)
    __aeabi_f2iz                             0x08003f51   Thumb Code     0  ffix.o(x$fpl$ffix)
    _ffix                                    0x08003f51   Thumb Code    54  ffix.o(x$fpl$ffix)
    __aeabi_f2uiz                            0x08003f89   Thumb Code     0  ffixu.o(x$fpl$ffixu)
    _ffixu                                   0x08003f89   Thumb Code    62  ffixu.o(x$fpl$ffixu)
    __aeabi_cfcmple                          0x08003fc9   Thumb Code     0  fleqf.o(x$fpl$fleqf)
    _fcmple                                  0x08003fc9   Thumb Code   104  fleqf.o(x$fpl$fleqf)
    __fpl_fcmple_InfNaN                      0x0800401b   Thumb Code     0  fleqf.o(x$fpl$fleqf)
    __aeabi_fmul                             0x08004031   Thumb Code     0  fmul.o(x$fpl$fmul)
    _fmul                                    0x08004031   Thumb Code   258  fmul.o(x$fpl$fmul)
    __fpl_fnaninf                            0x08004133   Thumb Code   140  fnaninf.o(x$fpl$fnaninf)
    __fpl_fretinf                            0x080041bf   Thumb Code    10  fretinf.o(x$fpl$fretinf)
    __aeabi_cfrcmple                         0x080041c9   Thumb Code     0  frleqf.o(x$fpl$frleqf)
    _frcmple                                 0x080041c9   Thumb Code    98  frleqf.o(x$fpl$frleqf)
    __aeabi_frsub                            0x0800422b   Thumb Code     0  faddsub_clz.o(x$fpl$frsb)
    _frsb                                    0x0800422b   Thumb Code    20  faddsub_clz.o(x$fpl$frsb)
    __aeabi_fsub                             0x08004241   Thumb Code     0  faddsub_clz.o(x$fpl$fsub)
    _fsub                                    0x08004241   Thumb Code   234  faddsub_clz.o(x$fpl$fsub)
    _printf_fp_dec                           0x0800432b   Thumb Code     4  printf1.o(x$fpl$printf1)
    __I$use$fp                               0x0800432e   Number         0  usenofp.o(x$fpl$usenofp)
    AHBPrescTable                            0x08004340   Data          16  system_stm32f1xx.o(.constdata)
    APBPrescTable                            0x08004350   Data           8  system_stm32f1xx.o(.constdata)
    Region$$Table$$Base                      0x080043ec   Number         0  anon$$obj.o(Region$$Table)
    Region$$Table$$Limit                     0x0800440c   Number         0  anon$$obj.o(Region$$Table)
    time_ms                                  0x20000000   Data           4  main.o(.data)
    motor_encoder                            0x20000004   Data           8  main.o(.data)
    Key                                      0x2000000c   Data           1  main.o(.data)
    uwTick                                   0x20000010   Data           4  stm32f1xx_hal.o(.data)
    uwTickPrio                               0x20000014   Data           4  stm32f1xx_hal.o(.data)
    uwTickFreq                               0x20000018   Data           1  stm32f1xx_hal.o(.data)
    SystemCoreClock                          0x2000001c   Data           4  system_stm32f1xx.o(.data)
    htim3                                    0x20000020   Data          72  tim.o(.bss)
    htim6                                    0x20000068   Data          72  tim.o(.bss)
    htim8                                    0x200000b0   Data          72  tim.o(.bss)
    huart1                                   0x200000f8   Data          72  usart.o(.bss)
    pid                                      0x20000140   Data          24  motor.o(.bss)
    __libspace_start                         0x20000158   Data          96  libspace.o(.bss)
    __temporary_stack_top$libspace           0x200001b8   Data           0  libspace.o(.bss)



==============================================================================

Memory Map of the image

  Image Entry point : 0x08000131

  Load Region LR_IROM1 (Base: 0x08000000, Size: 0x00004448, Max: 0x00040000, ABSOLUTE)

    Execution Region ER_IROM1 (Exec base: 0x08000000, Load base: 0x08000000, Size: 0x00004428, Max: 0x00040000, ABSOLUTE)

    Exec Addr    Load Addr    Size         Type   Attr      Idx    E Section Name        Object

    0x08000000   0x08000000   0x00000130   Data   RO            3    RESET               startup_stm32f103xe.o
    0x08000130   0x08000130   0x00000008   Code   RO         3498  * !!!main             c_w.l(__main.o)
    0x08000138   0x08000138   0x00000034   Code   RO         3756    !!!scatter          c_w.l(__scatter.o)
    0x0800016c   0x0800016c   0x0000001a   Code   RO         3758    !!handler_copy      c_w.l(__scatter_copy.o)
    0x08000186   0x08000186   0x00000002   PAD
    0x08000188   0x08000188   0x0000001c   Code   RO         3760    !!handler_zi        c_w.l(__scatter_zi.o)
    0x080001a4   0x080001a4   0x00000000   Code   RO         3491    .ARM.Collect$$_printf_percent$$00000000  c_w.l(_printf_percent.o)
    0x080001a4   0x080001a4   0x00000006   Code   RO         3490    .ARM.Collect$$_printf_percent$$00000003  c_w.l(_printf_f.o)
    0x080001aa   0x080001aa   0x00000004   Code   RO         3543    .ARM.Collect$$_printf_percent$$00000017  c_w.l(_printf_percent_end.o)
    0x080001ae   0x080001ae   0x00000002   Code   RO         3627    .ARM.Collect$$libinit$$00000000  c_w.l(libinit.o)
    0x080001b0   0x080001b0   0x00000000   Code   RO         3629    .ARM.Collect$$libinit$$00000002  c_w.l(libinit2.o)
    0x080001b0   0x080001b0   0x00000000   Code   RO         3631    .ARM.Collect$$libinit$$00000004  c_w.l(libinit2.o)
    0x080001b0   0x080001b0   0x00000000   Code   RO         3634    .ARM.Collect$$libinit$$0000000A  c_w.l(libinit2.o)
    0x080001b0   0x080001b0   0x00000000   Code   RO         3636    .ARM.Collect$$libinit$$0000000C  c_w.l(libinit2.o)
    0x080001b0   0x080001b0   0x00000000   Code   RO         3638    .ARM.Collect$$libinit$$0000000E  c_w.l(libinit2.o)
    0x080001b0   0x080001b0   0x00000006   Code   RO         3639    .ARM.Collect$$libinit$$0000000F  c_w.l(libinit2.o)
    0x080001b6   0x080001b6   0x00000000   Code   RO         3641    .ARM.Collect$$libinit$$00000011  c_w.l(libinit2.o)
    0x080001b6   0x080001b6   0x00000000   Code   RO         3643    .ARM.Collect$$libinit$$00000013  c_w.l(libinit2.o)
    0x080001b6   0x080001b6   0x00000000   Code   RO         3645    .ARM.Collect$$libinit$$00000015  c_w.l(libinit2.o)
    0x080001b6   0x080001b6   0x0000000a   Code   RO         3646    .ARM.Collect$$libinit$$00000016  c_w.l(libinit2.o)
    0x080001c0   0x080001c0   0x00000000   Code   RO         3647    .ARM.Collect$$libinit$$00000017  c_w.l(libinit2.o)
    0x080001c0   0x080001c0   0x00000000   Code   RO         3649    .ARM.Collect$$libinit$$00000019  c_w.l(libinit2.o)
    0x080001c0   0x080001c0   0x00000000   Code   RO         3651    .ARM.Collect$$libinit$$0000001B  c_w.l(libinit2.o)
    0x080001c0   0x080001c0   0x00000000   Code   RO         3653    .ARM.Collect$$libinit$$0000001D  c_w.l(libinit2.o)
    0x080001c0   0x080001c0   0x00000000   Code   RO         3655    .ARM.Collect$$libinit$$0000001F  c_w.l(libinit2.o)
    0x080001c0   0x080001c0   0x00000000   Code   RO         3657    .ARM.Collect$$libinit$$00000021  c_w.l(libinit2.o)
    0x080001c0   0x080001c0   0x00000000   Code   RO         3659    .ARM.Collect$$libinit$$00000023  c_w.l(libinit2.o)
    0x080001c0   0x080001c0   0x00000000   Code   RO         3661    .ARM.Collect$$libinit$$00000025  c_w.l(libinit2.o)
    0x080001c0   0x080001c0   0x00000000   Code   RO         3665    .ARM.Collect$$libinit$$0000002C  c_w.l(libinit2.o)
    0x080001c0   0x080001c0   0x00000000   Code   RO         3667    .ARM.Collect$$libinit$$0000002E  c_w.l(libinit2.o)
    0x080001c0   0x080001c0   0x00000000   Code   RO         3669    .ARM.Collect$$libinit$$00000030  c_w.l(libinit2.o)
    0x080001c0   0x080001c0   0x00000000   Code   RO         3671    .ARM.Collect$$libinit$$00000032  c_w.l(libinit2.o)
    0x080001c0   0x080001c0   0x00000002   Code   RO         3672    .ARM.Collect$$libinit$$00000033  c_w.l(libinit2.o)
    0x080001c2   0x080001c2   0x00000002   Code   RO         3702    .ARM.Collect$$libshutdown$$00000000  c_w.l(libshutdown.o)
    0x080001c4   0x080001c4   0x00000000   Code   RO         3713    .ARM.Collect$$libshutdown$$00000002  c_w.l(libshutdown2.o)
    0x080001c4   0x080001c4   0x00000000   Code   RO         3715    .ARM.Collect$$libshutdown$$00000004  c_w.l(libshutdown2.o)
    0x080001c4   0x080001c4   0x00000000   Code   RO         3717    .ARM.Collect$$libshutdown$$00000006  c_w.l(libshutdown2.o)
    0x080001c4   0x080001c4   0x00000000   Code   RO         3720    .ARM.Collect$$libshutdown$$00000009  c_w.l(libshutdown2.o)
    0x080001c4   0x080001c4   0x00000000   Code   RO         3723    .ARM.Collect$$libshutdown$$0000000C  c_w.l(libshutdown2.o)
    0x080001c4   0x080001c4   0x00000000   Code   RO         3725    .ARM.Collect$$libshutdown$$0000000E  c_w.l(libshutdown2.o)
    0x080001c4   0x080001c4   0x00000000   Code   RO         3728    .ARM.Collect$$libshutdown$$00000011  c_w.l(libshutdown2.o)
    0x080001c4   0x080001c4   0x00000002   Code   RO         3729    .ARM.Collect$$libshutdown$$00000012  c_w.l(libshutdown2.o)
    0x080001c6   0x080001c6   0x00000000   Code   RO         3534    .ARM.Collect$$rtentry$$00000000  c_w.l(__rtentry.o)
    0x080001c6   0x080001c6   0x00000000   Code   RO         3556    .ARM.Collect$$rtentry$$00000002  c_w.l(__rtentry2.o)
    0x080001c6   0x080001c6   0x00000006   Code   RO         3568    .ARM.Collect$$rtentry$$00000004  c_w.l(__rtentry4.o)
    0x080001cc   0x080001cc   0x00000000   Code   RO         3558    .ARM.Collect$$rtentry$$00000009  c_w.l(__rtentry2.o)
    0x080001cc   0x080001cc   0x00000004   Code   RO         3559    .ARM.Collect$$rtentry$$0000000A  c_w.l(__rtentry2.o)
    0x080001d0   0x080001d0   0x00000000   Code   RO         3561    .ARM.Collect$$rtentry$$0000000C  c_w.l(__rtentry2.o)
    0x080001d0   0x080001d0   0x00000008   Code   RO         3562    .ARM.Collect$$rtentry$$0000000D  c_w.l(__rtentry2.o)
    0x080001d8   0x080001d8   0x00000002   Code   RO         3673    .ARM.Collect$$rtexit$$00000000  c_w.l(rtexit.o)
    0x080001da   0x080001da   0x00000000   Code   RO         3680    .ARM.Collect$$rtexit$$00000002  c_w.l(rtexit2.o)
    0x080001da   0x080001da   0x00000004   Code   RO         3681    .ARM.Collect$$rtexit$$00000003  c_w.l(rtexit2.o)
    0x080001de   0x080001de   0x00000006   Code   RO         3682    .ARM.Collect$$rtexit$$00000004  c_w.l(rtexit2.o)
    0x080001e4   0x080001e4   0x00000040   Code   RO            4    .text               startup_stm32f103xe.o
    0x08000224   0x08000224   0x00000028   Code   RO         3463    .text               c_w.l(noretval__2sprintf.o)
    0x0800024c   0x0800024c   0x00000160   Code   RO         3484    .text               c_w.l(__printf_ss_wp.o)
    0x080003ac   0x080003ac   0x0000003e   Code   RO         3492    .text               c_w.l(strlen.o)
    0x080003ea   0x080003ea   0x0000004e   Code   RO         3494    .text               c_w.l(rt_memclr_w.o)
    0x08000438   0x08000438   0x00000006   Code   RO         3496    .text               c_w.l(heapauxi.o)
    0x0800043e   0x0800043e   0x0000041e   Code   RO         3537    .text               c_w.l(_printf_fp_dec.o)
    0x0800085c   0x0800085c   0x00000030   Code   RO         3539    .text               c_w.l(_printf_char_common.o)
    0x0800088c   0x0800088c   0x0000000a   Code   RO         3541    .text               c_w.l(_sputc.o)
    0x08000896   0x08000896   0x00000002   PAD
    0x08000898   0x08000898   0x00000008   Code   RO         3573    .text               c_w.l(rt_locale_intlibspace.o)
    0x080008a0   0x080008a0   0x0000008a   Code   RO         3575    .text               c_w.l(lludiv10.o)
    0x0800092a   0x0800092a   0x00000002   PAD
    0x0800092c   0x0800092c   0x00000080   Code   RO         3577    .text               c_w.l(_printf_fp_infnan.o)
    0x080009ac   0x080009ac   0x000000e4   Code   RO         3581    .text               c_w.l(bigflt0.o)
    0x08000a90   0x08000a90   0x00000008   Code   RO         3613    .text               c_w.l(libspace.o)
    0x08000a98   0x08000a98   0x0000004a   Code   RO         3616    .text               c_w.l(sys_stackheap_outer.o)
    0x08000ae2   0x08000ae2   0x00000012   Code   RO         3618    .text               c_w.l(exit.o)
    0x08000af4   0x08000af4   0x00000080   Code   RO         3620    .text               c_w.l(strcmpv7m.o)
    0x08000b74   0x08000b74   0x0000000c   Code   RO         3692    .text               c_w.l(sys_exit.o)
    0x08000b80   0x08000b80   0x00000002   Code   RO         3703    .text               c_w.l(use_no_semi.o)
    0x08000b82   0x08000b82   0x00000000   Code   RO         3705    .text               c_w.l(indicate_semi.o)
    0x08000b82   0x08000b82   0x0000003e   Code   RO         3584    CL$$btod_d2e        c_w.l(btod.o)
    0x08000bc0   0x08000bc0   0x00000046   Code   RO         3586    CL$$btod_d2e_denorm_low  c_w.l(btod.o)
    0x08000c06   0x08000c06   0x00000060   Code   RO         3585    CL$$btod_d2e_norm_op1  c_w.l(btod.o)
    0x08000c66   0x08000c66   0x00000338   Code   RO         3594    CL$$btod_div_common  c_w.l(btod.o)
    0x08000f9e   0x08000f9e   0x000000dc   Code   RO         3591    CL$$btod_e2e        c_w.l(btod.o)
    0x0800107a   0x0800107a   0x0000002a   Code   RO         3588    CL$$btod_ediv       c_w.l(btod.o)
    0x080010a4   0x080010a4   0x0000002a   Code   RO         3587    CL$$btod_emul       c_w.l(btod.o)
    0x080010ce   0x080010ce   0x00000244   Code   RO         3593    CL$$btod_mult_common  c_w.l(btod.o)
    0x08001312   0x08001312   0x00000004   Code   RO          326    i.BusFault_Handler  stm32f1xx_it.o
    0x08001316   0x08001316   0x00000002   Code   RO          327    i.DebugMon_Handler  stm32f1xx_it.o
    0x08001318   0x08001318   0x0000000a   Code   RO          328    i.EXTI0_IRQHandler  stm32f1xx_it.o
    0x08001322   0x08001322   0x0000000a   Code   RO          329    i.EXTI2_IRQHandler  stm32f1xx_it.o
    0x0800132c   0x0800132c   0x00000006   Code   RO           13    i.Error_Handler     main.o
    0x08001332   0x08001332   0x00000002   PAD
    0x08001334   0x08001334   0x00000028   Code   RO         1648    i.HAL_Delay         stm32f1xx_hal.o
    0x0800135c   0x0800135c   0x000000e0   Code   RO           14    i.HAL_GPIO_EXTI_Callback  main.o
    0x0800143c   0x0800143c   0x0000001c   Code   RO         2005    i.HAL_GPIO_EXTI_IRQHandler  stm32f1xx_hal_gpio.o
    0x08001458   0x08001458   0x00000340   Code   RO         2006    i.HAL_GPIO_Init     stm32f1xx_hal_gpio.o
    0x08001798   0x08001798   0x00000010   Code   RO         2008    i.HAL_GPIO_ReadPin  stm32f1xx_hal_gpio.o
    0x080017a8   0x080017a8   0x0000000c   Code   RO         2010    i.HAL_GPIO_WritePin  stm32f1xx_hal_gpio.o
    0x080017b4   0x080017b4   0x0000000c   Code   RO         1652    i.HAL_GetTick       stm32f1xx_hal.o
    0x080017c0   0x080017c0   0x00000018   Code   RO         1658    i.HAL_IncTick       stm32f1xx_hal.o
    0x080017d8   0x080017d8   0x00000028   Code   RO         1659    i.HAL_Init          stm32f1xx_hal.o
    0x08001800   0x08001800   0x0000004c   Code   RO         1660    i.HAL_InitTick      stm32f1xx_hal.o
    0x0800184c   0x0800184c   0x00000054   Code   RO          432    i.HAL_MspInit       stm32f1xx_hal_msp.o
    0x080018a0   0x080018a0   0x00000020   Code   RO         2187    i.HAL_NVIC_EnableIRQ  stm32f1xx_hal_cortex.o
    0x080018c0   0x080018c0   0x0000007c   Code   RO         2193    i.HAL_NVIC_SetPriority  stm32f1xx_hal_cortex.o
    0x0800193c   0x0800193c   0x00000028   Code   RO         2194    i.HAL_NVIC_SetPriorityGrouping  stm32f1xx_hal_cortex.o
    0x08001964   0x08001964   0x0000018c   Code   RO         1841    i.HAL_RCC_ClockConfig  stm32f1xx_hal_rcc.o
    0x08001af0   0x08001af0   0x0000000c   Code   RO         1846    i.HAL_RCC_GetHCLKFreq  stm32f1xx_hal_rcc.o
    0x08001afc   0x08001afc   0x00000020   Code   RO         1848    i.HAL_RCC_GetPCLK1Freq  stm32f1xx_hal_rcc.o
    0x08001b1c   0x08001b1c   0x00000020   Code   RO         1849    i.HAL_RCC_GetPCLK2Freq  stm32f1xx_hal_rcc.o
    0x08001b3c   0x08001b3c   0x00000070   Code   RO         1850    i.HAL_RCC_GetSysClockFreq  stm32f1xx_hal_rcc.o
    0x08001bac   0x08001bac   0x00000464   Code   RO         1853    i.HAL_RCC_OscConfig  stm32f1xx_hal_rcc.o
    0x08002010   0x08002010   0x00000034   Code   RO         2198    i.HAL_SYSTICK_Config  stm32f1xx_hal_cortex.o
    0x08002044   0x08002044   0x00000002   Code   RO         1332    i.HAL_TIMEx_BreakCallback  stm32f1xx_hal_tim_ex.o
    0x08002046   0x08002046   0x00000002   Code   RO         1333    i.HAL_TIMEx_CommutCallback  stm32f1xx_hal_tim_ex.o
    0x08002048   0x08002048   0x00000074   Code   RO         1335    i.HAL_TIMEx_ConfigBreakDeadTime  stm32f1xx_hal_tim_ex.o
    0x080020bc   0x080020bc   0x0000009c   Code   RO         1351    i.HAL_TIMEx_MasterConfigSynchronization  stm32f1xx_hal_tim_ex.o
    0x08002158   0x08002158   0x00000066   Code   RO          498    i.HAL_TIM_Base_Init  stm32f1xx_hal_tim.o
    0x080021be   0x080021be   0x00000002   PAD
    0x080021c0   0x080021c0   0x00000094   Code   RO          216    i.HAL_TIM_Base_MspInit  tim.o
    0x08002254   0x08002254   0x00000090   Code   RO          503    i.HAL_TIM_Base_Start_IT  stm32f1xx_hal_tim.o
    0x080022e4   0x080022e4   0x0000010c   Code   RO          507    i.HAL_TIM_ConfigClockSource  stm32f1xx_hal_tim.o
    0x080023f0   0x080023f0   0x00000002   Code   RO          532    i.HAL_TIM_IC_CaptureCallback  stm32f1xx_hal_tim.o
    0x080023f2   0x080023f2   0x0000016c   Code   RO          546    i.HAL_TIM_IRQHandler  stm32f1xx_hal_tim.o
    0x0800255e   0x0800255e   0x00000002   PAD
    0x08002560   0x08002560   0x00000098   Code   RO          217    i.HAL_TIM_MspPostInit  tim.o
    0x080025f8   0x080025f8   0x00000002   Code   RO          549    i.HAL_TIM_OC_DelayElapsedCallback  stm32f1xx_hal_tim.o
    0x080025fa   0x080025fa   0x00000104   Code   RO          570    i.HAL_TIM_PWM_ConfigChannel  stm32f1xx_hal_tim.o
    0x080026fe   0x080026fe   0x00000066   Code   RO          573    i.HAL_TIM_PWM_Init  stm32f1xx_hal_tim.o
    0x08002764   0x08002764   0x00000002   Code   RO          575    i.HAL_TIM_PWM_MspInit  stm32f1xx_hal_tim.o
    0x08002766   0x08002766   0x00000002   Code   RO          576    i.HAL_TIM_PWM_PulseFinishedCallback  stm32f1xx_hal_tim.o
    0x08002768   0x08002768   0x000000f4   Code   RO          578    i.HAL_TIM_PWM_Start  stm32f1xx_hal_tim.o
    0x0800285c   0x0800285c   0x0000001c   Code   RO           15    i.HAL_TIM_PeriodElapsedCallback  main.o
    0x08002878   0x08002878   0x00000002   Code   RO          589    i.HAL_TIM_TriggerCallback  stm32f1xx_hal_tim.o
    0x0800287a   0x0800287a   0x00000076   Code   RO         2817    i.HAL_UART_Init     stm32f1xx_hal_uart.o
    0x080028f0   0x080028f0   0x00000088   Code   RO          282    i.HAL_UART_MspInit  usart.o
    0x08002978   0x08002978   0x000000be   Code   RO         2825    i.HAL_UART_Transmit  stm32f1xx_hal_uart.o
    0x08002a36   0x08002a36   0x00000004   Code   RO          330    i.HardFault_Handler  stm32f1xx_it.o
    0x08002a3a   0x08002a3a   0x00000002   PAD
    0x08002a3c   0x08002a3c   0x00000148   Code   RO          190    i.MX_GPIO_Init      gpio.o
    0x08002b84   0x08002b84   0x000000a4   Code   RO          218    i.MX_TIM3_Init      tim.o
    0x08002c28   0x08002c28   0x0000004c   Code   RO          219    i.MX_TIM6_Init      tim.o
    0x08002c74   0x08002c74   0x000000e4   Code   RO          220    i.MX_TIM8_Init      tim.o
    0x08002d58   0x08002d58   0x00000038   Code   RO          283    i.MX_USART1_UART_Init  usart.o
    0x08002d90   0x08002d90   0x00000004   Code   RO          331    i.MemManage_Handler  stm32f1xx_it.o
    0x08002d94   0x08002d94   0x00000004   Code   RO          332    i.NMI_Handler       stm32f1xx_it.o
    0x08002d98   0x08002d98   0x00000002   Code   RO          333    i.PendSV_Handler    stm32f1xx_it.o
    0x08002d9a   0x08002d9a   0x00000002   Code   RO          334    i.SVC_Handler       stm32f1xx_it.o
    0x08002d9c   0x08002d9c   0x00000008   Code   RO          335    i.SysTick_Handler   stm32f1xx_it.o
    0x08002da4   0x08002da4   0x00000002   Code   RO         3223    i.SystemInit        system_stm32f1xx.o
    0x08002da6   0x08002da6   0x00000002   PAD
    0x08002da8   0x08002da8   0x00000010   Code   RO          336    i.TIM6_IRQHandler   stm32f1xx_it.o
    0x08002db8   0x08002db8   0x000000ac   Code   RO          591    i.TIM_Base_SetConfig  stm32f1xx_hal_tim.o
    0x08002e64   0x08002e64   0x00000022   Code   RO          592    i.TIM_CCxChannelCmd  stm32f1xx_hal_tim.o
    0x08002e86   0x08002e86   0x00000016   Code   RO          597    i.TIM_ETR_SetConfig  stm32f1xx_hal_tim.o
    0x08002e9c   0x08002e9c   0x0000007c   Code   RO          598    i.TIM_OC2_SetConfig  stm32f1xx_hal_tim.o
    0x08002f18   0x08002f18   0x00000004   Code   RO          337    i.UsageFault_Handler  stm32f1xx_it.o
    0x08002f1c   0x08002f1c   0x00000038   Code   RO         3383    i._Z10Get_KeyNumh   key.o
    0x08002f54   0x08002f54   0x000000b0   Code   RO         3303    i._Z10PID_UpdateP14PID_Controllerfffff  motor.o
    0x08003004   0x08003004   0x0000005c   Code   RO         3411    i._Z11Go_DistancefPf  autopath.o
    0x08003060   0x08003060   0x00000068   Code   RO         3304    i._Z13Motor_Controlcfffff  motor.o
    0x080030c8   0x080030c8   0x000000ac   Code   RO         3355    i._Z15Set_Servo_Anglef  servo.o
    0x08003174   0x08003174   0x00000060   Code   RO         3412    i._Z15Turn_Right_LeftffPf  autopath.o
    0x080031d4   0x080031d4   0x00000040   Code   RO         3261    i._Z15send_float_dataf  serial.o
    0x08003214   0x08003214   0x000000e0   Code   RO         3306    i._Z18Set_Motor_velocitycs  motor.o
    0x080032f4   0x080032f4   0x00000066   Code   RO           16    i._Z18SystemClock_Configv  main.o
    0x0800335a   0x0800335a   0x0000001a   Code   RO         3413    i._Z4Stopv          autopath.o
    0x08003374   0x08003374   0x00000028   Code   RO         1854    i._ZN41_INTERNAL_19_stm32f1xx_hal_rcc_c_b7071a4b9RCC_DelayEj  stm32f1xx_hal_rcc.o
    0x0800339c   0x0800339c   0x00000070   Code   RO          600    i._ZN41_INTERNAL_19_stm32f1xx_hal_tim_c_a9d95b5217TIM_OC1_SetConfigEP11TIM_TypeDefPK18TIM_OC_InitTypeDef  stm32f1xx_hal_tim.o
    0x0800340c   0x0800340c   0x00000078   Code   RO          601    i._ZN41_INTERNAL_19_stm32f1xx_hal_tim_c_a9d95b5217TIM_OC3_SetConfigEP11TIM_TypeDefPK18TIM_OC_InitTypeDef  stm32f1xx_hal_tim.o
    0x08003484   0x08003484   0x00000054   Code   RO          602    i._ZN41_INTERNAL_19_stm32f1xx_hal_tim_c_a9d95b5217TIM_OC4_SetConfigEP11TIM_TypeDefPK18TIM_OC_InitTypeDef  stm32f1xx_hal_tim.o
    0x080034d8   0x080034d8   0x00000012   Code   RO          607    i._ZN41_INTERNAL_19_stm32f1xx_hal_tim_c_a9d95b5218TIM_ITRx_SetConfigEP11TIM_TypeDefj  stm32f1xx_hal_tim.o
    0x080034ea   0x080034ea   0x00000026   Code   RO          612    i._ZN41_INTERNAL_19_stm32f1xx_hal_tim_c_a9d95b5224TIM_TI1_ConfigInputStageEP11TIM_TypeDefjj  stm32f1xx_hal_tim.o
    0x08003510   0x08003510   0x00000028   Code   RO          613    i._ZN41_INTERNAL_19_stm32f1xx_hal_tim_c_a9d95b5224TIM_TI2_ConfigInputStageEP11TIM_TypeDefjj  stm32f1xx_hal_tim.o
    0x08003538   0x08003538   0x000000fc   Code   RO         2833    i._ZN42_INTERNAL_20_stm32f1xx_hal_uart_c_d497114f14UART_SetConfigEP20__UART_HandleTypeDef  stm32f1xx_hal_uart.o
    0x08003634   0x08003634   0x0000006c   Code   RO         2838    i._ZN42_INTERNAL_20_stm32f1xx_hal_uart_c_d497114f18UART_EndRxTransferEP20__UART_HandleTypeDef  stm32f1xx_hal_uart.o
    0x080036a0   0x080036a0   0x0000008c   Code   RO         2848    i._ZN42_INTERNAL_20_stm32f1xx_hal_uart_c_d497114f27UART_WaitOnFlagUntilTimeoutEP20__UART_HandleTypeDefj10FlagStatusjj  stm32f1xx_hal_uart.o
    0x0800372c   0x0800372c   0x00000028   Code   RO         2200    i._ZN44_INTERNAL_22_stm32f1xx_hal_cortex_c_2992dbc018__NVIC_SetPriorityE9IRQn_Typej  stm32f1xx_hal_cortex.o
    0x08003754   0x08003754   0x00000010   Code   RO         2201    i._ZN44_INTERNAL_22_stm32f1xx_hal_cortex_c_2992dbc026__NVIC_GetPriorityGroupingEv  stm32f1xx_hal_cortex.o
    0x08003764   0x08003764   0x00000028   Code   RO         3611    i.__ARM_fpclassify  m_ws.l(fpclassify.o)
    0x0800378c   0x0800378c   0x0000000e   Code   RO         3479    i._is_digit         c_w.l(__printf_wp.o)
    0x0800379a   0x0800379a   0x00000002   PAD
    0x0800379c   0x0800379c   0x00000114   Code   RO           17    i.main              main.o
    0x080038b0   0x080038b0   0x0000002c   Code   RO         3607    locale$$code        c_w.l(lc_numeric_c.o)
    0x080038dc   0x080038dc   0x00000062   Code   RO         3500    x$fpl$d2f           fz_ws.l(d2f.o)
    0x0800393e   0x0800393e   0x00000002   PAD
    0x08003940   0x08003940   0x000002b0   Code   RO         3503    x$fpl$ddiv          fz_ws.l(ddiv.o)
    0x08003bf0   0x08003bf0   0x0000009c   Code   RO         3544    x$fpl$dnaninf       fz_ws.l(dnaninf.o)
    0x08003c8c   0x08003c8c   0x0000000c   Code   RO         3546    x$fpl$dretinf       fz_ws.l(dretinf.o)
    0x08003c98   0x08003c98   0x00000056   Code   RO         3506    x$fpl$f2d           fz_ws.l(f2d.o)
    0x08003cee   0x08003cee   0x00000002   PAD
    0x08003cf0   0x08003cf0   0x000000c4   Code   RO         3508    x$fpl$fadd          fz_ws.l(faddsub_clz.o)
    0x08003db4   0x08003db4   0x00000018   Code   RO         3548    x$fpl$fcmpinf       fz_ws.l(fcmpi.o)
    0x08003dcc   0x08003dcc   0x00000184   Code   RO         3515    x$fpl$fdiv          fz_ws.l(fdiv.o)
    0x08003f50   0x08003f50   0x00000036   Code   RO         3518    x$fpl$ffix          fz_ws.l(ffix.o)
    0x08003f86   0x08003f86   0x00000002   PAD
    0x08003f88   0x08003f88   0x0000003e   Code   RO         3522    x$fpl$ffixu         fz_ws.l(ffixu.o)
    0x08003fc6   0x08003fc6   0x00000002   PAD
    0x08003fc8   0x08003fc8   0x00000068   Code   RO         3526    x$fpl$fleqf         fz_ws.l(fleqf.o)
    0x08004030   0x08004030   0x00000102   Code   RO         3528    x$fpl$fmul          fz_ws.l(fmul.o)
    0x08004132   0x08004132   0x0000008c   Code   RO         3550    x$fpl$fnaninf       fz_ws.l(fnaninf.o)
    0x080041be   0x080041be   0x0000000a   Code   RO         3552    x$fpl$fretinf       fz_ws.l(fretinf.o)
    0x080041c8   0x080041c8   0x00000062   Code   RO         3530    x$fpl$frleqf        fz_ws.l(frleqf.o)
    0x0800422a   0x0800422a   0x00000014   Code   RO         3509    x$fpl$frsb          fz_ws.l(faddsub_clz.o)
    0x0800423e   0x0800423e   0x00000002   PAD
    0x08004240   0x08004240   0x000000ea   Code   RO         3510    x$fpl$fsub          fz_ws.l(faddsub_clz.o)
    0x0800432a   0x0800432a   0x00000004   Code   RO         3532    x$fpl$printf1       fz_ws.l(printf1.o)
    0x0800432e   0x0800432e   0x00000000   Code   RO         3554    x$fpl$usenofp       fz_ws.l(usenofp.o)
    0x0800432e   0x0800432e   0x00000012   Data   RO         1870    .constdata          stm32f1xx_hal_rcc.o
    0x08004340   0x08004340   0x00000018   Data   RO         3226    .constdata          system_stm32f1xx.o
    0x08004358   0x08004358   0x00000094   Data   RO         3582    .constdata          c_w.l(bigflt0.o)
    0x080043ec   0x080043ec   0x00000020   Data   RO         3754    Region$$Table       anon$$obj.o
    0x0800440c   0x0800440c   0x0000001c   Data   RO         3606    locale$$data        c_w.l(lc_numeric_c.o)


    Execution Region RW_IRAM1 (Exec base: 0x20000000, Load base: 0x08004428, Size: 0x000007b8, Max: 0x0000c000, ABSOLUTE)

    Exec Addr    Load Addr    Size         Type   Attr      Idx    E Section Name        Object

    0x20000000   0x08004428   0x0000000d   Data   RW           23    .data               main.o
    0x2000000d   0x08004435   0x00000003   PAD
    0x20000010   0x08004438   0x00000009   Data   RW         1691    .data               stm32f1xx_hal.o
    0x20000019   0x08004441   0x00000003   PAD
    0x2000001c   0x08004444   0x00000004   Data   RW         3227    .data               system_stm32f1xx.o
    0x20000020        -       0x000000d8   Zero   RW          227    .bss                tim.o
    0x200000f8        -       0x00000048   Zero   RW          287    .bss                usart.o
    0x20000140        -       0x00000018   Zero   RW         3311    .bss                motor.o
    0x20000158        -       0x00000060   Zero   RW         3614    .bss                c_w.l(libspace.o)
    0x200001b8        -       0x00000200   Zero   RW            2    HEAP                startup_stm32f103xe.o
    0x200003b8        -       0x00000400   Zero   RW            1    STACK               startup_stm32f103xe.o


==============================================================================

Image component sizes


      Code (inc. data)   RO Data    RW Data    ZI Data      Debug   Object Name

       214         34          0          0          0       1635   autopath.o
       328         18          0          0          0       1015   gpio.o
        56          6          0          0          0        509   key.o
       636         66          0         13          0     488961   main.o
       504         42          0          0         24       3168   motor.o
        64         12          0          0          0        554   serial.o
       172         22          0          0          0        690   servo.o
        64         26        304          0       1536        788   startup_stm32f103xe.o
       192         36          0          9          0       6353   stm32f1xx_hal.o
       304         22          0          0          0      29279   stm32f1xx_hal_cortex.o
       888         44          0          0          0       3862   stm32f1xx_hal_gpio.o
        84          8          0          0          0        874   stm32f1xx_hal_msp.o
      1748         98         18          0          0       5820   stm32f1xx_hal_rcc.o
      2258        102          0          0          0      15408   stm32f1xx_hal_tim.o
       276         22          0          0          0       3149   stm32f1xx_hal_tim_ex.o
       808          4          0          0          0       4280   stm32f1xx_hal_uart.o
        70          6          0          0          0       5050   stm32f1xx_it.o
         2          0         24          4          0       1079   system_stm32f1xx.o
       768         66          0          0        216       3662   tim.o
       192         24          0          0         72       1598   usart.o

    ----------------------------------------------------------------------
      9638        658        378         32       1848     577734   Object Totals
         0          0         32          0          0          0   (incl. Generated)
        10          0          0          6          0          0   (incl. Padding)

    ----------------------------------------------------------------------

      Code (inc. data)   RO Data    RW Data    ZI Data      Debug   Library Member Name

         8          0          0          0          0         68   __main.o
       352          0          0          0          0         88   __printf_ss_wp.o
        14          0          0          0          0         68   __printf_wp.o
         0          0          0          0          0          0   __rtentry.o
        12          0          0          0          0          0   __rtentry2.o
         6          0          0          0          0          0   __rtentry4.o
        52          8          0          0          0          0   __scatter.o
        26          0          0          0          0          0   __scatter_copy.o
        28          0          0          0          0          0   __scatter_zi.o
        48          6          0          0          0         96   _printf_char_common.o
         6          0          0          0          0          0   _printf_f.o
      1054          0          0          0          0        216   _printf_fp_dec.o
       128         16          0          0          0         84   _printf_fp_infnan.o
         0          0          0          0          0          0   _printf_percent.o
         4          0          0          0          0          0   _printf_percent_end.o
        10          0          0          0          0         68   _sputc.o
       228          4        148          0          0         96   bigflt0.o
      1936        128          0          0          0        672   btod.o
        18          0          0          0          0         80   exit.o
         6          0          0          0          0        152   heapauxi.o
         0          0          0          0          0          0   indicate_semi.o
        44         10         28          0          0         76   lc_numeric_c.o
         2          0          0          0          0          0   libinit.o
        18          0          0          0          0          0   libinit2.o
         2          0          0          0          0          0   libshutdown.o
         2          0          0          0          0          0   libshutdown2.o
         8          4          0          0         96         68   libspace.o
       138          0          0          0          0         80   lludiv10.o
        40          6          0          0          0         84   noretval__2sprintf.o
         8          4          0          0          0         68   rt_locale_intlibspace.o
        78          0          0          0          0         80   rt_memclr_w.o
         2          0          0          0          0          0   rtexit.o
        10          0          0          0          0          0   rtexit2.o
       128          0          0          0          0         68   strcmpv7m.o
        62          0          0          0          0         76   strlen.o
        12          4          0          0          0         68   sys_exit.o
        74          0          0          0          0         80   sys_stackheap_outer.o
         2          0          0          0          0         68   use_no_semi.o
        98          4          0          0          0         92   d2f.o
       688        140          0          0          0        208   ddiv.o
       156          4          0          0          0         92   dnaninf.o
        12          0          0          0          0         68   dretinf.o
        86          4          0          0          0         84   f2d.o
       450          8          0          0          0        236   faddsub_clz.o
        24          0          0          0          0         68   fcmpi.o
       388         76          0          0          0         96   fdiv.o
        54          4          0          0          0         84   ffix.o
        62          4          0          0          0         84   ffixu.o
       104          4          0          0          0         84   fleqf.o
       258          4          0          0          0         84   fmul.o
       140          4          0          0          0         84   fnaninf.o
        10          0          0          0          0         68   fretinf.o
        98          0          0          0          0         68   frleqf.o
         4          0          0          0          0         68   printf1.o
         0          0          0          0          0          0   usenofp.o
        40          0          0          0          0         68   fpclassify.o

    ----------------------------------------------------------------------
      7256        446        176          0         96       4140   Library Totals
        18          0          0          0          0          0   (incl. Padding)

    ----------------------------------------------------------------------

      Code (inc. data)   RO Data    RW Data    ZI Data      Debug   Library Name

      4566        190        176          0         96       2504   c_w.l
      2632        256          0          0          0       1568   fz_ws.l
        40          0          0          0          0         68   m_ws.l

    ----------------------------------------------------------------------
      7256        446        176          0         96       4140   Library Totals

    ----------------------------------------------------------------------

==============================================================================


      Code (inc. data)   RO Data    RW Data    ZI Data      Debug   

     16894       1104        554         32       1944     575162   Grand Totals
     16894       1104        554         32       1944     575162   ELF Image Totals
     16894       1104        554         32          0          0   ROM Totals

==============================================================================

    Total RO  Size (Code + RO Data)                17448 (  17.04kB)
    Total RW  Size (RW Data + ZI Data)              1976 (   1.93kB)
    Total ROM Size (Code + RO Data + RW Data)      17480 (  17.07kB)

==============================================================================

